Archive member included to satisfy reference by file (symbol)

C:/ST/STM32CubeIDE_1.13.2/STM32CubeIDE/plugins/com.st.stm32cube.ide.mcu.externaltools.gnu-tools-for-stm32.11.3.rel1.win32_1.1.1.202309131626/tools/bin/../lib/gcc/arm-none-eabi/11.3.1/../../../../arm-none-eabi/lib/thumb/v7e-m+fp/hard\libc.a(libc_a-exit.o)
                              C:/ST/STM32CubeIDE_1.13.2/STM32CubeIDE/plugins/com.st.stm32cube.ide.mcu.externaltools.gnu-tools-for-stm32.11.3.rel1.win32_1.1.1.202309131626/tools/bin/../lib/gcc/arm-none-eabi/11.3.1/../../../../arm-none-eabi/lib/thumb/v7e-m+fp/hard/crt0.o (exit)
C:/ST/STM32CubeIDE_1.13.2/STM32CubeIDE/plugins/com.st.stm32cube.ide.mcu.externaltools.gnu-tools-for-stm32.11.3.rel1.win32_1.1.1.202309131626/tools/bin/../lib/gcc/arm-none-eabi/11.3.1/../../../../arm-none-eabi/lib/thumb/v7e-m+fp/hard\libc.a(libc_a-findfp.o)
                              C:/ST/STM32CubeIDE_1.13.2/STM32CubeIDE/plugins/com.st.stm32cube.ide.mcu.externaltools.gnu-tools-for-stm32.11.3.rel1.win32_1.1.1.202309131626/tools/bin/../lib/gcc/arm-none-eabi/11.3.1/../../../../arm-none-eabi/lib/thumb/v7e-m+fp/hard\libc.a(libc_a-exit.o) (__stdio_exit_handler)
C:/ST/STM32CubeIDE_1.13.2/STM32CubeIDE/plugins/com.st.stm32cube.ide.mcu.externaltools.gnu-tools-for-stm32.11.3.rel1.win32_1.1.1.202309131626/tools/bin/../lib/gcc/arm-none-eabi/11.3.1/../../../../arm-none-eabi/lib/thumb/v7e-m+fp/hard\libc.a(libc_a-fwalk.o)
                              C:/ST/STM32CubeIDE_1.13.2/STM32CubeIDE/plugins/com.st.stm32cube.ide.mcu.externaltools.gnu-tools-for-stm32.11.3.rel1.win32_1.1.1.202309131626/tools/bin/../lib/gcc/arm-none-eabi/11.3.1/../../../../arm-none-eabi/lib/thumb/v7e-m+fp/hard\libc.a(libc_a-findfp.o) (_fwalk_sglue)
C:/ST/STM32CubeIDE_1.13.2/STM32CubeIDE/plugins/com.st.stm32cube.ide.mcu.externaltools.gnu-tools-for-stm32.11.3.rel1.win32_1.1.1.202309131626/tools/bin/../lib/gcc/arm-none-eabi/11.3.1/../../../../arm-none-eabi/lib/thumb/v7e-m+fp/hard\libc.a(libc_a-stdio.o)
                              C:/ST/STM32CubeIDE_1.13.2/STM32CubeIDE/plugins/com.st.stm32cube.ide.mcu.externaltools.gnu-tools-for-stm32.11.3.rel1.win32_1.1.1.202309131626/tools/bin/../lib/gcc/arm-none-eabi/11.3.1/../../../../arm-none-eabi/lib/thumb/v7e-m+fp/hard\libc.a(libc_a-findfp.o) (__sread)
C:/ST/STM32CubeIDE_1.13.2/STM32CubeIDE/plugins/com.st.stm32cube.ide.mcu.externaltools.gnu-tools-for-stm32.11.3.rel1.win32_1.1.1.202309131626/tools/bin/../lib/gcc/arm-none-eabi/11.3.1/../../../../arm-none-eabi/lib/thumb/v7e-m+fp/hard\libc.a(libc_a-memset.o)
                              C:/ST/STM32CubeIDE_1.13.2/STM32CubeIDE/plugins/com.st.stm32cube.ide.mcu.externaltools.gnu-tools-for-stm32.11.3.rel1.win32_1.1.1.202309131626/tools/bin/../lib/gcc/arm-none-eabi/11.3.1/../../../../arm-none-eabi/lib/thumb/v7e-m+fp/hard/crt0.o (memset)
C:/ST/STM32CubeIDE_1.13.2/STM32CubeIDE/plugins/com.st.stm32cube.ide.mcu.externaltools.gnu-tools-for-stm32.11.3.rel1.win32_1.1.1.202309131626/tools/bin/../lib/gcc/arm-none-eabi/11.3.1/../../../../arm-none-eabi/lib/thumb/v7e-m+fp/hard\libc.a(libc_a-closer.o)
                              C:/ST/STM32CubeIDE_1.13.2/STM32CubeIDE/plugins/com.st.stm32cube.ide.mcu.externaltools.gnu-tools-for-stm32.11.3.rel1.win32_1.1.1.202309131626/tools/bin/../lib/gcc/arm-none-eabi/11.3.1/../../../../arm-none-eabi/lib/thumb/v7e-m+fp/hard\libc.a(libc_a-stdio.o) (_close_r)
C:/ST/STM32CubeIDE_1.13.2/STM32CubeIDE/plugins/com.st.stm32cube.ide.mcu.externaltools.gnu-tools-for-stm32.11.3.rel1.win32_1.1.1.202309131626/tools/bin/../lib/gcc/arm-none-eabi/11.3.1/../../../../arm-none-eabi/lib/thumb/v7e-m+fp/hard\libc.a(libc_a-reent.o)
                              C:/ST/STM32CubeIDE_1.13.2/STM32CubeIDE/plugins/com.st.stm32cube.ide.mcu.externaltools.gnu-tools-for-stm32.11.3.rel1.win32_1.1.1.202309131626/tools/bin/../lib/gcc/arm-none-eabi/11.3.1/../../../../arm-none-eabi/lib/thumb/v7e-m+fp/hard\libc.a(libc_a-closer.o) (errno)
C:/ST/STM32CubeIDE_1.13.2/STM32CubeIDE/plugins/com.st.stm32cube.ide.mcu.externaltools.gnu-tools-for-stm32.11.3.rel1.win32_1.1.1.202309131626/tools/bin/../lib/gcc/arm-none-eabi/11.3.1/../../../../arm-none-eabi/lib/thumb/v7e-m+fp/hard\libc.a(libc_a-impure.o)
                              C:/ST/STM32CubeIDE_1.13.2/STM32CubeIDE/plugins/com.st.stm32cube.ide.mcu.externaltools.gnu-tools-for-stm32.11.3.rel1.win32_1.1.1.202309131626/tools/bin/../lib/gcc/arm-none-eabi/11.3.1/../../../../arm-none-eabi/lib/thumb/v7e-m+fp/hard\libc.a(libc_a-reent.o) (_impure_ptr)
C:/ST/STM32CubeIDE_1.13.2/STM32CubeIDE/plugins/com.st.stm32cube.ide.mcu.externaltools.gnu-tools-for-stm32.11.3.rel1.win32_1.1.1.202309131626/tools/bin/../lib/gcc/arm-none-eabi/11.3.1/../../../../arm-none-eabi/lib/thumb/v7e-m+fp/hard\libc.a(libc_a-lseekr.o)
[...]
Memory Configuration

Name             Origin             Length             Attributes
FLASH            0x0000000008000000 0x0000000000080000 xr
RAM              0x0000000020000000 0x0000000000020000 xrw
*default*        0x0000000000000000 0xffffffffffffffff

Linker script and memory map

LOAD C:/ST/STM32CubeIDE_1.13.2/STM32CubeIDE/plugins/com.st.stm32cube.ide.mcu.externaltools.gnu-tools-for-stm32.11.3.rel1.win32_1.1.1.202309131626/tools/bin/../lib/gcc/arm-none-eabi/11.3.1/thumb/v7e-m+fp/hard/crti.o
LOAD C:/ST/STM32CubeIDE_1.13.2/STM32CubeIDE/plugins/com.st.stm32cube.ide.mcu.externaltools.gnu-tools-for-stm32.11.3.rel1.win32_1.1.1.202309131626/tools/bin/../lib/gcc/arm-none-eabi/11.3.1/thumb/v7e-m+fp/hard/crtbegin.o
LOAD C:/ST/STM32CubeIDE_1.13.2/STM32CubeIDE/plugins/com.st.stm32cube.ide.mcu.externaltools.gnu-tools-for-stm32.11.3.rel1.win32_1.1.1.202309131626/tools/bin/../lib/gcc/arm-none-eabi/11.3.1/../../../../arm-none-eabi/lib/thumb/v7e-m+fp/hard/crt0.o
LOAD C:/ST/STM32CubeIDE_1.13.2/STM32CubeIDE/plugins/com.st.stm32cube.ide.mcu.externaltools.gnu-tools-for-stm32.11.3.rel1.win32_1.1.1.202309131626/tools/bin/../lib/gcc/arm-none-eabi/11.3.1/../../../../arm-none-eabi/lib/thumb/v7e-m+fp/hard\libc.a
LOAD C:/ST/STM32CubeIDE_1.13.2/STM32CubeIDE/plugins/com.st.stm32cube.ide.mcu.externaltools.gnu-tools-for-stm32.11.3.rel1.win32_1.1.1.202309131626/tools/bin/../lib/gcc/arm-none-eabi/11.3.1/thumb/v7e-m+fp/hard\libgcc.a
LOAD C:/ST/STM32CubeIDE_1.13.2/STM32CubeIDE/plugins/com.st.stm32cube.ide.mcu.externaltools.gnu-tools-for-stm32.11.3.rel1.win32_1.1.1.202309131626/tools/bin/../lib/gcc/arm-none-eabi/11.3.1/thumb/v7e-m+fp/hard\libgcov.a
LOAD C:/ST/STM32CubeIDE_1.13.2/STM32CubeIDE/plugins/com.st.stm32cube.ide.mcu.externaltools.gnu-tools-for-stm32.11.3.rel1.win32_1.1.1.202309131626/tools/bin/../lib/gcc/arm-none-eabi/11.3.1/../../../../arm-none-eabi/lib/thumb/v7e-m+fp/hard\libm.a
LOAD C:\Users\user\AppData\Local\Temp\ccmmYHnW.o
LOAD C:\Users\user\AppData\Local\Temp\cc2y6XyY.o
LOAD C:\Users\user\AppData\Local\Temp\ccf8XVB0.o
LOAD C:\Users\user\AppData\Local\Temp\ccEDyXX9.o
LOAD C:\Users\user\AppData\Local\Temp\ccB0Fq4n.o
LOAD C:\Users\user\AppData\Local\Temp\ccm3BDPK.o
LOAD C:\Users\user\AppData\Local\Temp\ccTQ9Bih.o
LOAD C:\Users\user\AppData\Local\Temp\ccwHLubT.o
LOAD C:\Users\user\AppData\Local\Temp\ccXLF9GP.o
LOAD C:\Users\user\AppData\Local\Temp\ccCXjWk0.o
LOAD C:\Users\user\AppData\Local\Temp\ccuVhUy8.o
LOAD C:\Users\user\AppData\Local\Temp\ccMaSUOn.o
LOAD C:\Users\user\AppData\Local\Temp\ccehVxFG.o
LOAD C:\Users\user\AppData\Local\Temp\ccUWu2ga.o
LOAD C:\Users\user\AppData\Local\Temp\ccs4Ed9L.o
LOAD C:\Users\user\AppData\Local\Temp\ccwAZ5nx.o
LOAD C:\Users\user\AppData\Local\Temp\cc2MAFcm.o
LOAD C:\Users\user\AppData\Local\Temp\ccEc1aJi.o
LOAD C:\Users\user\AppData\Local\Temp\ccU4Zvck.o
LOAD C:\Users\user\AppData\Local\Temp\cczDUASn.o
LOAD C:\Users\user\AppData\Local\Temp\ccyGB15v.o
LOAD C:\Users\user\AppData\Local\Temp\ccTUea7H.o
LOAD C:\Users\user\AppData\Local\Temp\cc66IZs4.o
LOAD C:\Users\user\AppData\Local\Temp\ccfdHfux.o
LOAD C:\Users\user\AppData\Local\Temp\cc4Q7upa.o
LOAD C:\Users\user\AppData\Local\Temp\ccfMlmcX.o
LOAD C:\Users\user\AppData\Local\Temp\ccytgg7P.o
LOAD C:\Users\user\AppData\Local\Temp\ccp4WqHT.o
LOAD C:\Users\user\AppData\Local\Temp\ccFl7EDV.o
LOAD C:\Users\user\AppData\Local\Temp\ccv7ZAW6.o
LOAD C:\Users\user\AppData\Local\Temp\ccb0Iy4n.o
LOAD C:\Users\user\AppData\Local\Temp\ccvHdx6R.o
LOAD C:\Users\user\AppData\Local\Temp\cc7TrBMr.o
LOAD C:\Users\user\AppData\Local\Temp\ccThxhFa.o
LOAD C:\Users\user\AppData\Local\Temp\cc9ORI73.o
LOAD C:\Users\user\AppData\Local\Temp\cc5lB0l3.o
LOAD C:\Users\user\AppData\Local\Temp\ccXg6hB7.o
LOAD C:\Users\user\AppData\Local\Temp\ccdC2Xfh.o
LOAD C:\Users\user\AppData\Local\Temp\cccAz6zm.o
LOAD C:\Users\user\AppData\Local\Temp\ccttrZsz.o
LOAD C:\Users\user\AppData\Local\Temp\cccxpQOQ.o
LOAD C:\Users\user\AppData\Local\Temp\ccfHBNVc.o
START GROUP
LOAD C:/ST/STM32CubeIDE_1.13.2/STM32CubeIDE/plugins/com.st.stm32cube.ide.mcu.externaltools.gnu-tools-for-stm32.11.3.rel1.win32_1.1.1.202309131626/tools/bin/../lib/gcc/arm-none-eabi/11.3.1/thumb/v7e-m+fp/hard\libgcc.a
LOAD C:/ST/STM32CubeIDE_1.13.2/STM32CubeIDE/plugins/com.st.stm32cube.ide.mcu.externaltools.gnu-tools-for-stm32.11.3.rel1.win32_1.1.1.202309131626/tools/bin/../lib/gcc/arm-none-eabi/11.3.1/../../../../arm-none-eabi/lib/thumb/v7e-m+fp/hard\libg.a
LOAD C:/ST/STM32CubeIDE_1.13.2/STM32CubeIDE/plugins/com.st.stm32cube.ide.mcu.externaltools.gnu-tools-for-stm32.11.3.rel1.win32_1.1.1.202309131626/tools/bin/../lib/gcc/arm-none-eabi/11.3.1/../../../../arm-none-eabi/lib/thumb/v7e-m+fp/hard\libc.a
END GROUP
LOAD C:/ST/STM32CubeIDE_1.13.2/STM32CubeIDE/plugins/com.st.stm32cube.ide.mcu.externaltools.gnu-tools-for-stm32.11.3.rel1.win32_1.1.1.202309131626/tools/bin/../lib/gcc/arm-none-eabi/11.3.1/thumb/v7e-m+fp/hard/crtend.o
LOAD C:/ST/STM32CubeIDE_1.13.2/STM32CubeIDE/plugins/com.st.stm32cube.ide.mcu.externaltools.gnu-tools-for-stm32.11.3.rel1.win32_1.1.1.202309131626/tools/bin/../lib/gcc/arm-none-eabi/11.3.1/thumb/v7e-m+fp/hard/crtn.o
                0x000000002001ffff                _estack = 0x2001ffff
                0x0000000000000200                _Min_Heap_Size = 0x200
                0x0000000000000200                _Min_Stack_Size = 0x200

.isr_vector     0x0000000008000000      0x198
                0x0000000008000000                . = ALIGN (0x4)
 *(.isr_vector)
 .isr_vector    0x0000000008000000      0x198 C:\Users\user\AppData\Local\Temp\cc2MAFcm.o
                0x0000000008000000                g_pfnVectors
                0x0000000008000198                . = ALIGN (0x4)

.text           0x0000000008000198    0x1d8d0
                0x0000000008000198                . = ALIGN (0x4)
 *(.text)
 .text          0x0000000008000198       0x40 C:/ST/STM32CubeIDE_1.13.2/STM32CubeIDE/plugins/com.st.stm32cube.ide.mcu.externaltools.gnu-tools-for-stm32.11.3.rel1.win32_1.1.1.202309131626/tools/bin/../lib/gcc/arm-none-eabi/11.3.1/thumb/v7e-m+fp/hard/crtbegin.o
 .text          0x00000000080001d8      0x318 C:\Users\user\AppData\Local\Temp\ccmmYHnW.o
                0x00000000080001d8                HAL_Init
                0x000000000800021c                HAL_DeInit
                0x0000000008000290                HAL_InitTick
                0x00000000080002c8                HAL_IncTick
                0x00000000080002e4                HAL_GetTick
                0x00000000080002fc                HAL_Delay
                0x000000000800032a                HAL_SuspendTick
                0x0000000008000348                HAL_ResumeTick
                0x0000000008000368                HAL_GetHalVersion
                0x000000000800037a                HAL_GetREVID
                0x0000000008000394                HAL_GetDEVID
                0x00000000080003b0                HAL_DBGMCU_EnableDBGSleepMode
                0x00000000080003d0                HAL_DBGMCU_DisableDBGSleepMode
                0x00000000080003f0                HAL_DBGMCU_EnableDBGStopMode
                0x0000000008000410                HAL_DBGMCU_DisableDBGStopMode
                0x0000000008000430                HAL_DBGMCU_EnableDBGStandbyMode
                0x0000000008000450                HAL_DBGMCU_DisableDBGStandbyMode
                0x0000000008000470                HAL_EnableCompensationCell
                0x00000000080004b0                HAL_DisableCompensationCell
 .text          0x00000000080004f0      0xd04 C:\Users\user\AppData\Local\Temp\cc2y6XyY.o
                0x00000000080004f0                HAL_RCC_DeInit
                0x0000000008000568                HAL_RCC_OscConfig
                0x0000000008000a14                HAL_RCC_ClockConfig
                0x0000000008000cc8                HAL_RCC_MCOConfig
                0x0000000008000d78                HAL_RCC_EnableCSS
                0x0000000008000d90                HAL_RCC_DisableCSS
                0x0000000008000da8                HAL_RCC_GetSysClockFreq
                0x0000000008000ec4                HAL_RCC_GetHCLKFreq
                0x0000000008000f1c                HAL_RCC_GetPCLK1Freq
                0x0000000008000f68                HAL_RCC_GetPCLK2Freq
                0x0000000008000fb4                HAL_RCC_GetOscConfig
                0x0000000008001158                HAL_RCC_GetClockConfig
                0x00000000080011bc                HAL_RCC_NMI_IRQHandler
                0x00000000080011e4                HAL_RCC_CSSCallback
 .text          0x00000000080011f4      0x554 C:\Users\user\AppData\Local\Temp\ccf8XVB0.o
                0x00000000080011f4                HAL_GPIO_Init
                0x00000000080014ec                HAL_GPIO_DeInit
                0x000000000800162c                HAL_GPIO_ReadPin
                0x000000000800165c                HAL_GPIO_WritePin
                0x000000000800168c                HAL_GPIO_TogglePin
                0x00000000080016b0                HAL_GPIO_LockPin
                0x0000000008001700                HAL_GPIO_EXTI_IRQHandler
 .text          0x0000000008001748      0x548 C:\Users\user\AppData\Local\Temp\ccEDyXX9.o
                0x0000000008001ae4                HAL_NVIC_SetPriorityGrouping
                0x0000000008001afa                HAL_NVIC_SetPriority
                0x0000000008001b32                HAL_NVIC_EnableIRQ
                0x0000000008001b4e                HAL_NVIC_DisableIRQ
                0x0000000008001b6a                HAL_NVIC_SystemReset
                0x0000000008001b76                HAL_SYSTICK_Config
                0x0000000008001b8e                HAL_NVIC_GetPriorityGrouping
                0x0000000008001b9c                HAL_NVIC_GetPriority
                0x0000000008001bc8                HAL_NVIC_SetPendingIRQ
                0x0000000008001be4                HAL_NVIC_GetPendingIRQ
                0x0000000008001c02                HAL_NVIC_ClearPendingIRQ
                0x0000000008001c1e                HAL_NVIC_GetActive
                0x0000000008001c3c                HAL_SYSTICK_CLKSourceConfig
                0x0000000008001c74                HAL_SYSTICK_IRQHandler
                0x0000000008001c80                HAL_SYSTICK_Callback
 .text          0x0000000008001c90     0x16dc C:\Users\user\AppData\Local\Temp\ccTQ9Bih.o
                0x0000000008001c90                HAL_UART_Init
                0x0000000008001d1a                HAL_HalfDuplex_Init
                0x0000000008001db4                HAL_LIN_Init
                0x0000000008001e70                HAL_MultiProcessor_Init
                0x0000000008001f40                HAL_UART_DeInit
                0x0000000008001f80                HAL_UART_MspInit
                0x0000000008001f94                HAL_UART_MspDeInit
                0x0000000008001fa8                HAL_UART_Transmit
                0x00000000080020fa                HAL_UART_Receive
                0x000000000800226a                HAL_UART_Transmit_IT
                0x0000000008002338                HAL_UART_Receive_IT
                0x0000000008002406                HAL_UART_Transmit_DMA
                0x00000000080024fc                HAL_UART_Receive_DMA
                0x00000000080025e0                HAL_UART_DMAPause
                0x000000000800267c                HAL_UART_DMAResume
                0x000000000800273c                HAL_UART_DMAStop
                0x000000000800279a                HAL_UART_IRQHandler
                0x0000000008002994                HAL_UART_TxCpltCallback
                0x00000000080029a8                HAL_UART_TxHalfCpltCallback
                0x00000000080029d0                HAL_UART_RxHalfCpltCallback
                0x00000000080029e4                HAL_UART_ErrorCallback
                0x00000000080029f8                HAL_LIN_SendBreak
                0x0000000008002a4c                HAL_MultiProcessor_EnterMuteMode
                0x0000000008002aa0                HAL_MultiProcessor_ExitMuteMode
                0x0000000008002af4                HAL_HalfDuplex_EnableTransmitter
                0x0000000008002b5c                HAL_HalfDuplex_EnableReceiver
                0x0000000008002bc4                HAL_UART_GetState
                0x0000000008002be0                HAL_UART_GetError
 .text          0x000000000800336c     0x71b4 C:\Users\user\AppData\Local\Temp\ccXLF9GP.o
                0x000000000800336c                HAL_DMA_Init
                0x0000000008003444                HAL_DMA_DeInit
                0x0000000008004660                HAL_DMA_Start
                0x00000000080046c2                HAL_DMA_Start_IT
                0x0000000008004774                HAL_DMA_Abort
                0x00000000080047f0                HAL_DMA_PollForTransfer
                0x0000000008007650                HAL_DMA_IRQHandler
                0x000000000800a490                HAL_DMA_GetState
                0x000000000800a4ac                HAL_DMA_GetError
 .text          0x000000000800a520     0x3d2c C:\Users\user\AppData\Local\Temp\ccCXjWk0.o
                0x000000000800a520                HAL_TIM_Base_Init
                0x000000000800a56e                HAL_TIM_Base_DeInit
                0x000000000800a5ce                HAL_TIM_Base_MspInit
                0x000000000800a5e2                HAL_TIM_Base_MspDeInit
                0x000000000800a5f6                HAL_TIM_Base_Start
                0x000000000800a62c                HAL_TIM_Base_Stop
                0x000000000800a682                HAL_TIM_Base_Start_IT
                0x000000000800a6b8                HAL_TIM_Base_Stop_IT
                0x000000000800a70e                HAL_TIM_Base_Start_DMA
                0x000000000800a7a8                HAL_TIM_Base_Stop_DMA
                0x000000000800a806                HAL_TIM_OC_Init
                0x000000000800a854                HAL_TIM_OC_DeInit
                0x000000000800a8b4                HAL_TIM_OC_MspInit
                0x000000000800a8c8                HAL_TIM_OC_MspDeInit
                0x000000000800a8dc                HAL_TIM_OC_Start
                0x000000000800a92c                HAL_TIM_OC_Stop
                0x000000000800a9bc                HAL_TIM_OC_Start_IT
                0x000000000800aa98                HAL_TIM_OC_Stop_IT
                0x000000000800abb4                HAL_TIM_OC_Start_DMA
                0x000000000800ad60                HAL_TIM_OC_Stop_DMA
                0x000000000800ae84                HAL_TIM_PWM_Init
                0x000000000800aed2                HAL_TIM_PWM_DeInit
                0x000000000800af32                HAL_TIM_PWM_MspInit
                0x000000000800af46                HAL_TIM_PWM_MspDeInit
                0x000000000800af5a                HAL_TIM_PWM_Start
                0x000000000800afac                HAL_TIM_PWM_Stop
                0x000000000800b044                HAL_TIM_PWM_Start_IT
                0x000000000800b120                HAL_TIM_PWM_Stop_IT
                0x000000000800b23c                HAL_TIM_PWM_Start_DMA
                0x000000000800b3e8                HAL_TIM_PWM_Stop_DMA
                0x000000000800b50c                HAL_TIM_IC_Init
                0x000000000800b55a                HAL_TIM_IC_DeInit
                0x000000000800b5ba                HAL_TIM_IC_MspInit
                0x000000000800b5ce                HAL_TIM_IC_MspDeInit
                0x000000000800b5e2                HAL_TIM_IC_Start
                0x000000000800b614                HAL_TIM_IC_Stop
                0x000000000800b666                HAL_TIM_IC_Start_IT
                0x000000000800b722                HAL_TIM_IC_Stop_IT
                0x000000000800b7fe                HAL_TIM_IC_Start_DMA
                0x000000000800b990                HAL_TIM_IC_Stop_DMA
                0x000000000800ba76                HAL_TIM_OnePulse_Init
                0x000000000800bae6                HAL_TIM_OnePulse_DeInit
                0x000000000800bb46                HAL_TIM_OnePulse_MspInit
                0x000000000800bb5a                HAL_TIM_OnePulse_MspDeInit
                0x000000000800bb6e                HAL_TIM_OnePulse_Start
                0x000000000800bbbc                HAL_TIM_OnePulse_Stop
                0x000000000800bc5c                HAL_TIM_OnePulse_Start_IT
                0x000000000800bccc                HAL_TIM_OnePulse_Stop_IT
                0x000000000800bd8c                HAL_TIM_Encoder_Init
                0x000000000800beb0                HAL_TIM_Encoder_DeInit
                0x000000000800bf10                HAL_TIM_Encoder_MspInit
                0x000000000800bf24                HAL_TIM_Encoder_MspDeInit
                0x000000000800bf38                HAL_TIM_Encoder_Start
                0x000000000800bfa8                HAL_TIM_Encoder_Stop
                0x000000000800c038                HAL_TIM_Encoder_Start_IT
                0x000000000800c0e8                HAL_TIM_Encoder_Stop_IT
                0x000000000800c1bc                HAL_TIM_Encoder_Start_DMA
                0x000000000800c374                HAL_TIM_Encoder_Stop_DMA
                0x000000000800c448                HAL_TIM_IRQHandler
                0x000000000800c658                HAL_TIM_OC_ConfigChannel
                0x000000000800c718                HAL_TIM_IC_ConfigChannel
                0x000000000800c850                HAL_TIM_PWM_ConfigChannel
                0x000000000800c9dc                HAL_TIM_OnePulse_ConfigChannel
                0x000000000800cb60                HAL_TIM_DMABurst_WriteStart
                0x000000000800cd7c                HAL_TIM_DMABurst_WriteStop
                0x000000000800ce5a                HAL_TIM_DMABurst_ReadStart
                0x000000000800d078                HAL_TIM_DMABurst_ReadStop
                0x000000000800d156                HAL_TIM_GenerateEvent
                0x000000000800d1a4                HAL_TIM_ConfigOCrefClear
                0x000000000800d2f8                HAL_TIM_ConfigClockSource
                0x000000000800d4ce                HAL_TIM_ConfigTI1Input
                0x000000000800d50a                HAL_TIM_SlaveConfigSynchronization
                0x000000000800d574                HAL_TIM_SlaveConfigSynchronization_IT
                0x000000000800d5de                HAL_TIM_ReadCapturedValue
                0x000000000800d698                HAL_TIM_OC_DelayElapsedCallback
                0x000000000800d6ac                HAL_TIM_IC_CaptureCallback
                0x000000000800d6c0                HAL_TIM_PWM_PulseFinishedCallback
                0x000000000800d6d4                HAL_TIM_TriggerCallback
                0x000000000800d6e8                HAL_TIM_ErrorCallback
                0x000000000800d6fc                HAL_TIM_Base_GetState
                0x000000000800d718                HAL_TIM_OC_GetState
                0x000000000800d734                HAL_TIM_PWM_GetState
                0x000000000800d750                HAL_TIM_IC_GetState
                0x000000000800d76c                HAL_TIM_OnePulse_GetState
                0x000000000800d788                HAL_TIM_Encoder_GetState
                0x000000000800d7a4                TIM_Base_SetConfig
                0x000000000800d8ac                TIM_TI1_SetConfig
                0x000000000800d98c                TIM_OC2_SetConfig
                0x000000000800da68                TIM_DMADelayPulseCplt
                0x000000000800dad8                TIM_DMAError
                0x000000000800dafc                TIM_DMACaptureCplt
                0x000000000800db6c                TIM_CCxChannelCmd
 .text          0x000000000800e24c     0x1484 C:\Users\user\AppData\Local\Temp\ccuVhUy8.o
                0x000000000800e24c                HAL_TIMEx_HallSensor_Init
                0x000000000800e362                HAL_TIMEx_HallSensor_DeInit
                0x000000000800e3c2                HAL_TIMEx_HallSensor_MspInit
                0x000000000800e3d6                HAL_TIMEx_HallSensor_MspDeInit
                0x000000000800e3ea                HAL_TIMEx_HallSensor_Start
                0x000000000800e41a                HAL_TIMEx_HallSensor_Stop
                0x000000000800e46a                HAL_TIMEx_HallSensor_Start_IT
                0x000000000800e4aa                HAL_TIMEx_HallSensor_Stop_IT
                0x000000000800e50a                HAL_TIMEx_HallSensor_Start_DMA
                0x000000000800e5b0                HAL_TIMEx_HallSensor_Stop_DMA
                0x000000000800e610                HAL_TIMEx_OCN_Start
                0x000000000800e652                HAL_TIMEx_OCN_Stop
                0x000000000800e6d4                HAL_TIMEx_OCN_Start_IT
                0x000000000800e7b2                HAL_TIMEx_OCN_Stop_IT
                0x000000000800e8de                HAL_TIMEx_OCN_Start_DMA
                0x000000000800ea80                HAL_TIMEx_OCN_Stop_DMA
                0x000000000800eb96                HAL_TIMEx_PWMN_Start
                0x000000000800ebd8                HAL_TIMEx_PWMN_Stop
                0x000000000800ec5a                HAL_TIMEx_PWMN_Start_IT
                0x000000000800ed36                HAL_TIMEx_PWMN_Stop_IT
                0x000000000800ee62                HAL_TIMEx_PWMN_Start_DMA
                0x000000000800f004                HAL_TIMEx_PWMN_Stop_DMA
                0x000000000800f11a                HAL_TIMEx_OnePulseN_Start
                0x000000000800f14c                HAL_TIMEx_OnePulseN_Stop
                0x000000000800f1ce                HAL_TIMEx_OnePulseN_Start_IT
                0x000000000800f220                HAL_TIMEx_OnePulseN_Stop_IT
                0x000000000800f2c2                HAL_TIMEx_ConfigCommutationEvent
                0x000000000800f362                HAL_TIMEx_ConfigCommutationEvent_IT
                0x000000000800f412                HAL_TIMEx_ConfigCommutationEvent_DMA
                0x000000000800f4dc                HAL_TIMEx_MasterConfigSynchronization
                0x000000000800f566                HAL_TIMEx_ConfigBreakDeadTime
                0x000000000800f5dc                HAL_TIMEx_RemapConfig
                0x000000000800f622                HAL_TIMEx_CommutationCallback
                0x000000000800f636                HAL_TIMEx_BreakCallback
                0x000000000800f64a                HAL_TIMEx_HallSensor_GetState
                0x000000000800f666                TIMEx_DMACommutationCplt
 .text          0x000000000800f6d0      0xd5c C:\Users\user\AppData\Local\Temp\ccMaSUOn.o
                0x000000000800f6d0                HAL_ADC_Init
                0x000000000800f722                HAL_ADC_DeInit
                0x000000000800f75a                HAL_ADC_MspInit
                0x000000000800f76e                HAL_ADC_MspDeInit
                0x000000000800f782                HAL_ADC_Start
                0x000000000800f85c                HAL_ADC_Stop
                0x000000000800f88a                HAL_ADC_PollForConversion
                0x000000000800f908                HAL_ADC_PollForEvent
                0x000000000800f998                HAL_ADC_Start_IT
                0x000000000800fa98                HAL_ADC_Stop_IT
                0x000000000800fae6                HAL_ADC_IRQHandler
                0x000000000800fd44                HAL_ADC_Start_DMA
                0x000000000800fe28                HAL_ADC_Stop_DMA
                0x000000000800fe7c                HAL_ADC_GetValue
                0x000000000800fe96                HAL_ADC_ConvCpltCallback
                0x000000000800feaa                HAL_ADC_ConvHalfCpltCallback
                0x000000000800febe                HAL_ADC_LevelOutOfWindowCallback
                0x000000000800fed2                HAL_ADC_ErrorCallback
                0x000000000800fee6                HAL_ADC_ConfigChannel
                0x00000000080100f0                HAL_ADC_AnalogWDGConfig
                0x00000000080101b0                HAL_ADC_GetState
                0x00000000080101cc                HAL_ADC_GetError
 .text          0x000000000801042c      0x9b4 C:\Users\user\AppData\Local\Temp\ccehVxFG.o
                0x000000000801042c                HAL_ADCEx_InjectedStart
                0x000000000801056c                HAL_ADCEx_InjectedStart_IT
                0x00000000080106d4                HAL_ADCEx_InjectedStop
                0x0000000008010702                HAL_ADCEx_InjectedPollForConversion
                0x0000000008010780                HAL_ADCEx_InjectedStop_IT
                0x00000000080107ce                HAL_ADCEx_InjectedGetValue
                0x000000000801083c                HAL_ADCEx_MultiModeStart_DMA
                0x0000000008010934                HAL_ADCEx_MultiModeStop_DMA
                0x00000000080109a8                HAL_ADCEx_MultiModeGetValue
                0x00000000080109c4                HAL_ADCEx_InjectedConvCpltCallback
                0x00000000080109d8                HAL_ADCEx_InjectedConfigChannel
                0x0000000008010cd0                HAL_ADCEx_MultiModeConfigChannel
 .text          0x0000000008010de0     0x1ee8 C:\Users\user\AppData\Local\Temp\ccUWu2ga.o
                0x0000000008010de0                HAL_SPI_Init
                0x0000000008010ea4                HAL_SPI_DeInit
                0x0000000008010eec                HAL_SPI_MspInit
                0x0000000008010f00                HAL_SPI_MspDeInit
                0x0000000008010f14                HAL_SPI_Transmit
                0x000000000801118c                HAL_SPI_Receive
                0x0000000008011498                HAL_SPI_TransmitReceive
                0x000000000801194a                HAL_SPI_Transmit_IT
                0x0000000008011a6c                HAL_SPI_Receive_IT
                0x0000000008011ba0                HAL_SPI_TransmitReceive_IT
                0x0000000008011ccc                HAL_SPI_Transmit_DMA
                0x0000000008011e0c                HAL_SPI_Receive_DMA
                0x0000000008011f78                HAL_SPI_TransmitReceive_DMA
                0x0000000008012150                HAL_SPI_DMAPause
                0x00000000080121a4                HAL_SPI_DMAResume
                0x00000000080121f8                HAL_SPI_DMAStop
                0x0000000008012256                HAL_SPI_IRQHandler
                0x00000000080123ea                HAL_SPI_TxCpltCallback
                0x00000000080123fe                HAL_SPI_RxCpltCallback
                0x0000000008012412                HAL_SPI_TxRxCpltCallback
                0x0000000008012426                HAL_SPI_TxHalfCpltCallback
                0x000000000801243a                HAL_SPI_RxHalfCpltCallback
                0x000000000801244e                HAL_SPI_TxRxHalfCpltCallback
                0x0000000008012462                HAL_SPI_ErrorCallback
                0x0000000008012476                HAL_SPI_GetState
                0x0000000008012492                HAL_SPI_GetError
 .text          0x0000000008012cc8     0x31fc C:\Users\user\AppData\Local\Temp\ccs4Ed9L.o
                0x0000000008012cc8                HAL_I2C_Init
                0x0000000008012e74                HAL_I2C_DeInit
                0x0000000008012ec4                HAL_I2C_MspInit
                0x0000000008012ed8                HAL_I2C_MspDeInit
                0x0000000008012eec                HAL_I2C_Master_Transmit
                0x0000000008013054                HAL_I2C_Master_Receive
                0x0000000008013354                HAL_I2C_Slave_Transmit
                0x00000000080134f0                HAL_I2C_Slave_Receive
                0x0000000008013670                HAL_I2C_Master_Transmit_IT
                0x0000000008013752                HAL_I2C_Master_Receive_IT
                0x00000000080138c2                HAL_I2C_Slave_Transmit_IT
                0x000000000801396e                HAL_I2C_Slave_Receive_IT
                0x0000000008013a1a                HAL_I2C_Master_Transmit_DMA
                0x0000000008013b28                HAL_I2C_Master_Receive_DMA
                0x0000000008013c60                HAL_I2C_Slave_Transmit_DMA
                0x0000000008013dac                HAL_I2C_Slave_Receive_DMA
                0x0000000008013eb0                HAL_I2C_Mem_Write
                0x0000000008014010                HAL_I2C_Mem_Read
                0x000000000801430c                HAL_I2C_Mem_Write_IT
                0x00000000080143e6                HAL_I2C_Mem_Read_IT
                0x0000000008014560                HAL_I2C_Mem_Write_DMA
                0x0000000008014668                HAL_I2C_Mem_Read_DMA
                0x00000000080147ac                HAL_I2C_IsDeviceReady
                0x00000000080149b8                HAL_I2C_EV_IRQHandler
                0x0000000008014cae                HAL_I2C_ER_IRQHandler
                0x0000000008014e7a                HAL_I2C_MasterTxCpltCallback
                0x0000000008014e8e                HAL_I2C_MasterRxCpltCallback
                0x0000000008014ea2                HAL_I2C_SlaveTxCpltCallback
                0x0000000008014eb6                HAL_I2C_SlaveRxCpltCallback
                0x0000000008014eca                HAL_I2C_MemTxCpltCallback
                0x0000000008014ede                HAL_I2C_MemRxCpltCallback
                0x0000000008014ef2                HAL_I2C_ErrorCallback
                0x0000000008014f06                HAL_I2C_GetState
                0x0000000008014f22                HAL_I2C_GetError
 .text          0x0000000008015ec4      0x9ec C:\Users\user\AppData\Local\Temp\ccwAZ5nx.o
                0x0000000008016530                main
                0x0000000008016784                HAL_UART_RxCpltCallback
                0x0000000008016888                vApplicationStackOverflowHook
                0x0000000008016894                vApplicationIdleHook
                0x00000000080168a2                vApplicationTickHook
 .text          0x00000000080168b0      0x448 C:\Users\user\AppData\Local\Temp\ccU4Zvck.o
                0x00000000080168b0                HAL_MspInit
                0x0000000008016914                HAL_UARTCOM_MspInit
                0x0000000008016970                HAL_UARTZIGBEE_MspInit
                0x00000000080169c0                HAL_Encoder_Timer1_MspInit
                0x0000000008016a30                HAL_Encoder_Timer2_MspInit
                0x0000000008016aa0                HAL_GPIO_BUTTON_MspInit
                0x0000000008016ae0                HAL_GPIO_LED_MspInit
                0x0000000008016b0c                HAL_GPIO_CHECK_PERIOD_MspInit
                0x0000000008016b38                HAL_PWM_Timer3_MspInit
                0x0000000008016b78                HAL_PWM_Timer4_MspInit
                0x0000000008016be4                HAL_i2c_MspInit
                0x0000000008016c48                HAL_tickTimer_MspInit
                0x0000000008016c70                HAL_spi_MspInit
                0x0000000008016cb0                HAL_adcir_MspInit
                0x0000000008016ce8                HAL_MspDeInit
 .text          0x0000000008016cf8       0xec C:\Users\user\AppData\Local\Temp\cczDUASn.o
                0x0000000008016cf8                NMI_Handler
                0x0000000008016d06                HardFault_Handler
                0x0000000008016d0c                MemManage_Handler
                0x0000000008016d12                BusFault_Handler
                0x0000000008016d18                UsageFault_Handler
                0x0000000008016d1e                DebugMon_Handler
                0x0000000008016d2c                SysTick_Handler
                0x0000000008016d46                OTG_FS_IRQHandler
                0x0000000008016d54                TIM5_IRQHandler
                0x0000000008016d68                EXTI0_IRQHandler
                0x0000000008016d76                EXTI1_IRQHandler
                0x0000000008016d84                I2C1_EV_IRQHandler
                0x0000000008016d98                I2C1_ER_IRQHandler
                0x0000000008016dac                EXTI15_10_IRQHandler
                0x0000000008016dbc                USART2_IRQHandler
                0x0000000008016dd0                USART6_IRQHandler
 .text          0x0000000008016de4      0x170 C:\Users\user\AppData\Local\Temp\ccyGB15v.o
                0x0000000008016de4                SystemInit
                0x0000000008016e50                SystemCoreClockUpdate
 .text          0x0000000008016f54      0x2cc C:\Users\user\AppData\Local\Temp\ccTUea7H.o
                0x0000000008016f54                _sbrk
                0x0000000008016fc4                _gettimeofday
                0x0000000008016fee                initialise_monitor_handles
                0x0000000008016ffc                _getpid
                0x000000000801700c                _kill
                0x0000000008017030                _exit
                0x0000000008017044                _write
                0x000000000801707c                _close
                0x0000000008017094                _fstat
                0x00000000080170b4                _isatty
                0x00000000080170ca                _lseek
                0x00000000080170e4                _read
                0x000000000801711e                _open
                0x000000000801713a                _wait
                0x000000000801715c                _unlink
                0x0000000008017180                _times
                0x0000000008017198                _stat
                0x00000000080171b8                _link
                0x00000000080171dc                _fork
                0x00000000080171f8                _execve
 .text          0x0000000008017220       0x8c C:\Users\user\AppData\Local\Temp\cc66IZs4.o
                0x0000000008017220                SystemClock_Config
 .text          0x00000000080172ac       0x78 C:\Users\user\AppData\Local\Temp\ccfdHfux.o
                0x00000000080172ac                tickTimerInit
                0x0000000008017308                HAL_TIM_PeriodElapsedCallback
 .text          0x0000000008017324       0xec C:\Users\user\AppData\Local\Temp\cc4Q7upa.o
                0x0000000008017324                captDistIR_Init
                0x0000000008017388                captDistIR_Get
 .text          0x0000000008017410      0x430 C:\Users\user\AppData\Local\Temp\ccfMlmcX.o
                0x0000000008017410                num2str
                0x0000000008017518                str2num
                0x00000000080175a4                reverse
                0x0000000008017602                intToStr
                0x0000000008017690                float2str
                0x0000000008017730                myPow
                0x00000000080177c4                flush_ch
                0x00000000080177fe                size_ch
 .text          0x0000000008017840      0x100 C:\Users\user\AppData\Local\Temp\ccytgg7P.o
                0x0000000008017840                motorCommand_Init
                0x00000000080178fc                motorLeft_SetDuty
                0x000000000801791c                motorRight_SetDuty
 .text          0x0000000008017940      0x3fc C:\Users\user\AppData\Local\Temp\ccp4WqHT.o
                0x0000000008017940                quadEncoder_Init
                0x0000000008017a28                quadEncoder_PosCalcL
                0x0000000008017a70                quadEncoder_PosCalcR
                0x0000000008017ab8                quadEncoder_GetPos16L
                0x0000000008017adc                quadEncoder_GetPos16R
                0x0000000008017afe                quadEncoder_GetPos32L
                0x0000000008017b2c                quadEncoder_GetPos32R
                0x0000000008017b5c                quadEncoder_GetSpeedL
                0x0000000008017c00                quadEncoder_GetSpeedR
                0x0000000008017ca4                quadEncoder_CallbackIndexL
                0x0000000008017cf0                quadEncoder_CallbackIndexR
 .text          0x0000000008017d3c      0x148 C:\Users\user\AppData\Local\Temp\ccFl7EDV.o
                0x0000000008017d3c                servoCommand_Init
                0x0000000008017df8                servoHigh_Set
                0x0000000008017e24                servoLow_Set
                0x0000000008017e54                servoHigh_Get
                0x0000000008017e6c                servoLow_Get
 .text          0x0000000008017e84      0x62c C:\Users\user\AppData\Local\Temp\ccv7ZAW6.o
                0x0000000008017e84                pixyCam2_recv
                0x0000000008017ee8                pixyCam2_recvByte
                0x0000000008017f00                pixyCam2_getSync
                0x0000000008017fbc                pixyCam2_recvPacket
                0x00000000080180c8                pixyCam2_sendPacket
                0x0000000008018110                pixyCam2_send
                0x0000000008018148                pixyCam2_Init
                0x0000000008018194                pixyCam2_setLED
                0x0000000008018224                pixyCam2_getBlocks
                0x000000000801830c                pixyCam2_getVersion
                0x0000000008018398                pixyCam2_Test
                0x0000000008018464                pixyCam2_Get
 .text          0x00000000080184b0       0x64 C:\Users\user\AppData\Local\Temp\ccb0Iy4n.o
                0x00000000080184b0                captDistUS_Measure
                0x00000000080184d4                captDistUS_Get
 *fill*         0x0000000008018514        0x4 
 .text          0x0000000008018518      0x95c C:\Users\user\AppData\Local\Temp\ccvHdx6R.o
                0x0000000008018518                groveLCD_test
                0x0000000008018536                i2c_send_byte
                0x0000000008018554                i2c_send_byteS
                0x0000000008018574                groveLCD_begin
                0x0000000008018670                groveLCD_setColorAll
                0x0000000008018682                groveLCD_setColorWhite
                0x0000000008018694                groveLCD_clear
                0x00000000080186aa                groveLCD_home
                0x00000000080186c0                groveLCD_setCursor
                0x0000000008018706                groveLCD_noDisplay
                0x0000000008018730                groveLCD_display
                0x000000000801875c                groveLCD_noCursor
                0x0000000008018788                groveLCD_cursor
                0x00000000080187b4                groveLCD_noBlink
                0x00000000080187e0                groveLCD_blink
                0x000000000801880c                groveLCD_scrollDisplayLeft
                0x000000000801881a                groveLCD_scrollDisplayRight
                0x0000000008018828                groveLCD_leftToRight
                0x0000000008018854                groveLCD_rightToLeft
                0x0000000008018880                groveLCD_autoscroll
                0x00000000080188ac                groveLCD_noAutoscroll
                0x00000000080188d8                groveLCD_createChar
                0x000000000801893e                groveLCD_blinkLED
                0x0000000008018956                groveLCD_noBlinkLED
                0x000000000801896e                groveLCD_command
                0x0000000008018994                groveLCD_write
                0x00000000080189bc                groveLCD_putString
                0x00000000080189e8                groveLCD_setReg
                0x0000000008018a0c                groveLCD_setRGB
                0x0000000008018a44                groveLCD_setColor
                0x0000000008018a98                groveLCD_term_printf
 .text          0x0000000008018e74      0x500 C:\Users\user\AppData\Local\Temp\cc7TrBMr.o
                0x0000000008018e74                i2c1_Init
                0x0000000008018ec8                i2c1_WriteBuffer
                0x0000000008018efc                i2c1_ReadBuffer
                0x0000000008018f30                i2c1_ReadRegBuffer
                0x0000000008018f94                i2c1_WriteRegBuffer
                0x0000000008018fe4                i2c1_WriteRegByte_IT
                0x0000000008019030                i2c1_ReadRegBuffer_IT
                0x0000000008019098                i2c1_WriteReg16Byte
                0x00000000080190e4                i2c1_WriteReg16Word16
                0x000000000801913c                i2c1_WriteReg16Word32
                0x00000000080191a0                i2c1_ReadReg16Byte
                0x000000000801920c                i2c1_ReadReg16Word16
                0x0000000008019288                i2c1_ReadReg16Word32
                0x0000000008019308                i2c1_ReadReg16Buffer
 *fill*         0x0000000008019374        0x4 
 .text          0x0000000008019378      0xc1c C:\Users\user\AppData\Local\Temp\ccThxhFa.o
                0x0000000008019378                uart2_Init
                0x00000000080193d0                uart6_Init
                0x0000000008019428                uart_Write
                0x0000000008019450                put_char
                0x0000000008019478                putchar_stlink
                0x00000000080194a0                putchar_zigbee
                0x00000000080194c8                put_string
                0x00000000080194f4                put_string_stlink
                0x0000000008019520                put_string_zigbee
                0x000000000801954c                term_printf
                0x0000000008019924                term_printf_stlink
                0x0000000008019c5c                term_printf_zigbee
 .text          0x0000000008019f94       0x94 C:\Users\user\AppData\Local\Temp\cc9ORI73.o
                0x0000000008019f94                spi1Init
                0x0000000008019ff8                spi1Transfer
 .text          0x000000000801a028       0x54 C:\Users\user\AppData\Local\Temp\cc5lB0l3.o
                0x000000000801a028                HAL_GPIO_EXTI_Callback
 .text          0x000000000801a07c      0x168 C:\Users\user\AppData\Local\Temp\ccdC2Xfh.o
                0x000000000801a07c                vListInitialise
                0x000000000801a0bc                vListInitialiseItem
                0x000000000801a0d6                vListInsertEnd
                0x000000000801a11e                vListInsert
                0x000000000801a190                uxListRemove
 .text          0x000000000801a1e4      0xc40 C:\Users\user\AppData\Local\Temp\cccAz6zm.o
                0x000000000801a1e4                xQueueGenericReset
                0x000000000801a294                xQueueGenericCreate
                0x000000000801a318                xQueueCreateMutex
                0x000000000801a3a8                xQueueGiveMutexRecursive
                0x000000000801a400                xQueueTakeMutexRecursive
                0x000000000801a460                xQueueCreateCountingSemaphore
                0x000000000801a4b2                xQueueGenericSend
                0x000000000801a638                xQueueGenericSendFromISR
                0x000000000801a71e                xQueueGenericReceive
                0x000000000801a8d4                xQueueReceiveFromISR
                0x000000000801a986                xQueuePeekFromISR
                0x000000000801a9fe                uxQueueMessagesWaiting
                0x000000000801aa2a                uxQueueSpacesAvailable
                0x000000000801aa60                uxQueueMessagesWaitingFromISR
                0x000000000801aa84                vQueueDelete
                0x000000000801aac2                uxQueueGetQueueNumber
                0x000000000801aada                vQueueSetQueueNumber
                0x000000000801aaf6                ucQueueGetQueueType
                0x000000000801acf6                xQueueIsQueueEmptyFromISR
                0x000000000801ad56                xQueueIsQueueFullFromISR
                0x000000000801ad8a                vQueueAddToRegistry
                0x000000000801addc                vQueueUnregisterQueue
 .text          0x000000000801ae24     0x16c4 C:\Users\user\AppData\Local\Temp\ccttrZsz.o
                0x000000000801ae24                xTaskGenericCreate
                0x000000000801af88                vTaskDelete
                0x000000000801b070                vTaskDelay
                0x000000000801b0f8                uxTaskPriorityGet
                0x000000000801b12c                vTaskPrioritySet
                0x000000000801b268                vTaskSuspend
                0x000000000801b3c0                vTaskResume
                0x000000000801b45c                xTaskResumeFromISR
                0x000000000801b514                vTaskStartScheduler
                0x000000000801b578                vTaskEndScheduler
                0x000000000801b594                vTaskSuspendAll
                0x000000000801b5b0                xTaskResumeAll
                0x000000000801b6b8                xTaskGetTickCount
                0x000000000801b6dc                xTaskGetTickCountFromISR
                0x000000000801b708                uxTaskGetNumberOfTasks
                0x000000000801b720                uxTaskGetSystemState
                0x000000000801b814                xTaskIncrementTick
                0x000000000801b990                vTaskSwitchContext
                0x000000000801ba54                vTaskPlaceOnEventList
                0x000000000801bae4                vTaskPlaceOnUnorderedEventList
                0x000000000801bb94                xTaskRemoveFromEventList
                0x000000000801bc48                xTaskRemoveFromUnorderedEventList
                0x000000000801bcf8                vTaskSetTimeOutState
                0x000000000801bd2c                xTaskCheckForTimeOut
                0x000000000801bdcc                vTaskMissedYield
                0x000000000801bde4                uxTaskGetTaskNumber
                0x000000000801be10                vTaskSetTaskNumber
                0x000000000801c270                xTaskGetCurrentTaskHandle
                0x000000000801c290                xTaskGetSchedulerState
                0x000000000801c2cc                vTaskPriorityInherit
                0x000000000801c3b8                xTaskPriorityDisinherit
                0x000000000801c490                uxTaskResetEventItemValue
                0x000000000801c4c0                pvTaskIncrementMutexHeldCount
 .text          0x000000000801c4e8      0x390 C:\Users\user\AppData\Local\Temp\cccxpQOQ.o
                0x000000000801c4e8                pxPortInitialiseStack
                0x000000000801c56c                SVC_Handler
                0x000000000801c5aa                xPortStartScheduler
                0x000000000801c67c                vPortEndScheduler
                0x000000000801c698                vPortYield
                0x000000000801c6bc                vPortEnterCritical
                0x000000000801c6fc                vPortExitCritical
                0x000000000801c730                ulPortSetInterruptMask
                0x000000000801c742                vPortClearInterruptMask
                0x000000000801c74a                PendSV_Handler
                0x000000000801c7a2                xPortSysTickHandler
                0x000000000801c7cc                vPortSetupTimerInterrupt
                0x000000000801c814                vPortValidateInterruptPriority
 .text          0x000000000801c878       0xdc C:\Users\user\AppData\Local\Temp\ccfHBNVc.o
                0x000000000801c878                pvPortMalloc
                0x000000000801c904                vPortFree
                0x000000000801c920                vPortInitialiseBlocks
                0x000000000801c938                xPortGetFreeHeapSize
 .text          0x000000000801c954      0x378 C:/ST/STM32CubeIDE_1.13.2/STM32CubeIDE/plugins/com.st.stm32cube.ide.mcu.externaltools.gnu-tools-for-stm32.11.3.rel1.win32_1.1.1.202309131626/tools/bin/../lib/gcc/arm-none-eabi/11.3.1/thumb/v7e-m+fp/hard\libgcc.a(_arm_addsubdf3.o)
                0x000000000801c954                __aeabi_drsub
                0x000000000801c95c                __aeabi_dsub
                0x000000000801c95c                __subdf3
                0x000000000801c960                __aeabi_dadd
                0x000000000801c960                __adddf3
                0x000000000801cbd8                __floatunsidf
                0x000000000801cbd8                __aeabi_ui2d
                0x000000000801cbf8                __floatsidf
                0x000000000801cbf8                __aeabi_i2d
                0x000000000801cc1c                __aeabi_f2d
                0x000000000801cc1c                __extendsfdf2
                0x000000000801cc60                __floatundidf
                0x000000000801cc60                __aeabi_ul2d
                0x000000000801cc70                __floatdidf
                0x000000000801cc70                __aeabi_l2d
 .text          0x000000000801cccc      0x424 C:/ST/STM32CubeIDE_1.13.2/STM32CubeIDE/plugins/com.st.stm32cube.ide.mcu.externaltools.gnu-tools-for-stm32.11.3.rel1.win32_1.1.1.202309131626/tools/bin/../lib/gcc/arm-none-eabi/11.3.1/thumb/v7e-m+fp/hard\libgcc.a(_arm_muldivdf3.o)
                0x000000000801cccc                __aeabi_dmul
                0x000000000801cccc                __muldf3
                0x000000000801cf20                __divdf3
                0x000000000801cf20                __aeabi_ddiv
 .text          0x000000000801d0f0       0xa0 C:/ST/STM32CubeIDE_1.13.2/STM32CubeIDE/plugins/com.st.stm32cube.ide.mcu.externaltools.gnu-tools-for-stm32.11.3.rel1.win32_1.1.1.202309131626/tools/bin/../lib/gcc/arm-none-eabi/11.3.1/thumb/v7e-m+fp/hard\libgcc.a(_arm_truncdfsf2.o)
                0x000000000801d0f0                __truncdfsf2
                0x000000000801d0f0                __aeabi_d2f
 .text          0x000000000801d190       0x14 C:/ST/STM32CubeIDE_1.13.2/STM32CubeIDE/plugins/com.st.stm32cube.ide.mcu.externaltools.gnu-tools-for-stm32.11.3.rel1.win32_1.1.1.202309131626/tools/bin/../lib/gcc/arm-none-eabi/11.3.1/../../../../arm-none-eabi/lib/thumb/v7e-m+fp/hard\libg.a(libc_a-strcmp.o)
                0x000000000801d190                strcmp
 *(.text*)
 .text.memset   0x000000000801d1a4       0x10 C:/ST/STM32CubeIDE_1.13.2/STM32CubeIDE/plugins/com.st.stm32cube.ide.mcu.externaltools.gnu-tools-for-stm32.11.3.rel1.win32_1.1.1.202309131626/tools/bin/../lib/gcc/arm-none-eabi/11.3.1/../../../../arm-none-eabi/lib/thumb/v7e-m+fp/hard\libc.a(libc_a-memset.o)
                0x000000000801d1a4                memset
 .text.__libc_init_array
                0x000000000801d1b4       0x48 C:/ST/STM32CubeIDE_1.13.2/STM32CubeIDE/plugins/com.st.stm32cube.ide.mcu.externaltools.gnu-tools-for-stm32.11.3.rel1.win32_1.1.1.202309131626/tools/bin/../lib/gcc/arm-none-eabi/11.3.1/../../../../arm-none-eabi/lib/thumb/v7e-m+fp/hard\libc.a(libc_a-init.o)
                0x000000000801d1b4                __libc_init_array
 .text.__retarget_lock_acquire_recursive
                0x000000000801d1fc        0x2 C:/ST/STM32CubeIDE_1.13.2/STM32CubeIDE/plugins/com.st.stm32cube.ide.mcu.externaltools.gnu-tools-for-stm32.11.3.rel1.win32_1.1.1.202309131626/tools/bin/../lib/gcc/arm-none-eabi/11.3.1/../../../../arm-none-eabi/lib/thumb/v7e-m+fp/hard\libc.a(libc_a-lock.o)
                0x000000000801d1fc                __retarget_lock_acquire_recursive
 .text.__retarget_lock_release_recursive
                0x000000000801d1fe        0x2 C:/ST/STM32CubeIDE_1.13.2/STM32CubeIDE/plugins/com.st.stm32cube.ide.mcu.externaltools.gnu-tools-for-stm32.11.3.rel1.win32_1.1.1.202309131626/tools/bin/../lib/gcc/arm-none-eabi/11.3.1/../../../../arm-none-eabi/lib/thumb/v7e-m+fp/hard\libc.a(libc_a-lock.o)
                0x000000000801d1fe                __retarget_lock_release_recursive
 .text.startup.register_fini
                0x000000000801d200       0x14 C:/ST/STM32CubeIDE_1.13.2/STM32CubeIDE/plugins/com.st.stm32cube.ide.mcu.externaltools.gnu-tools-for-stm32.11.3.rel1.win32_1.1.1.202309131626/tools/bin/../lib/gcc/arm-none-eabi/11.3.1/../../../../arm-none-eabi/lib/thumb/v7e-m+fp/hard\libc.a(libc_a-__call_atexit.o)
 .text.atexit   0x000000000801d214        0xc C:/ST/STM32CubeIDE_1.13.2/STM32CubeIDE/plugins/com.st.stm32cube.ide.mcu.externaltools.gnu-tools-for-stm32.11.3.rel1.win32_1.1.1.202309131626/tools/bin/../lib/gcc/arm-none-eabi/11.3.1/../../../../arm-none-eabi/lib/thumb/v7e-m+fp/hard\libc.a(libc_a-atexit.o)
                0x000000000801d214                atexit
 .text._malloc_trim_r
                0x000000000801d220       0xa8 C:/ST/STM32CubeIDE_1.13.2/STM32CubeIDE/plugins/com.st.stm32cube.ide.mcu.externaltools.gnu-tools-for-stm32.11.3.rel1.win32_1.1.1.202309131626/tools/bin/../lib/gcc/arm-none-eabi/11.3.1/../../../../arm-none-eabi/lib/thumb/v7e-m+fp/hard\libc.a(libc_a-freer.o)
                0x000000000801d220                _malloc_trim_r
 .text._free_r  0x000000000801d2c8      0x180 C:/ST/STM32CubeIDE_1.13.2/STM32CubeIDE/plugins/com.st.stm32cube.ide.mcu.externaltools.gnu-tools-for-stm32.11.3.rel1.win32_1.1.1.202309131626/tools/bin/../lib/gcc/arm-none-eabi/11.3.1/../../../../arm-none-eabi/lib/thumb/v7e-m+fp/hard\libc.a(libc_a-freer.o)
                0x000000000801d2c8                _free_r
 .text._malloc_r
                0x000000000801d448      0x474 C:/ST/STM32CubeIDE_1.13.2/STM32CubeIDE/plugins/com.st.stm32cube.ide.mcu.externaltools.gnu-tools-for-stm32.11.3.rel1.win32_1.1.1.202309131626/tools/bin/../lib/gcc/arm-none-eabi/11.3.1/../../../../arm-none-eabi/lib/thumb/v7e-m+fp/hard\libc.a(libc_a-mallocr.o)
                0x000000000801d448                _malloc_r
 .text.__malloc_lock
                0x000000000801d8bc        0xc C:/ST/STM32CubeIDE_1.13.2/STM32CubeIDE/plugins/com.st.stm32cube.ide.mcu.externaltools.gnu-tools-for-stm32.11.3.rel1.win32_1.1.1.202309131626/tools/bin/../lib/gcc/arm-none-eabi/11.3.1/../../../../arm-none-eabi/lib/thumb/v7e-m+fp/hard\libc.a(libc_a-mlock.o)
                0x000000000801d8bc                __malloc_lock
 .text.__malloc_unlock
                0x000000000801d8c8        0xc C:/ST/STM32CubeIDE_1.13.2/STM32CubeIDE/plugins/com.st.stm32cube.ide.mcu.externaltools.gnu-tools-for-stm32.11.3.rel1.win32_1.1.1.202309131626/tools/bin/../lib/gcc/arm-none-eabi/11.3.1/../../../../arm-none-eabi/lib/thumb/v7e-m+fp/hard\libc.a(libc_a-mlock.o)
                0x000000000801d8c8                __malloc_unlock
 .text._sbrk_r  0x000000000801d8d4       0x20 C:/ST/STM32CubeIDE_1.13.2/STM32CubeIDE/plugins/com.st.stm32cube.ide.mcu.externaltools.gnu-tools-for-stm32.11.3.rel1.win32_1.1.1.202309131626/tools/bin/../lib/gcc/arm-none-eabi/11.3.1/../../../../arm-none-eabi/lib/thumb/v7e-m+fp/hard\libc.a(libc_a-sbrkr.o)
                0x000000000801d8d4                _sbrk_r
 .text.__libc_fini_array
                0x000000000801d8f4       0x28 C:/ST/STM32CubeIDE_1.13.2/STM32CubeIDE/plugins/com.st.stm32cube.ide.mcu.externaltools.gnu-tools-for-stm32.11.3.rel1.win32_1.1.1.202309131626/tools/bin/../lib/gcc/arm-none-eabi/11.3.1/../../../../arm-none-eabi/lib/thumb/v7e-m+fp/hard\libc.a(libc_a-fini.o)
                0x000000000801d8f4                __libc_fini_array
 .text.sysconf  0x000000000801d91c       0x18 C:/ST/STM32CubeIDE_1.13.2/STM32CubeIDE/plugins/com.st.stm32cube.ide.mcu.externaltools.gnu-tools-for-stm32.11.3.rel1.win32_1.1.1.202309131626/tools/bin/../lib/gcc/arm-none-eabi/11.3.1/../../../../arm-none-eabi/lib/thumb/v7e-m+fp/hard\libc.a(libc_a-sysconf.o)
                0x000000000801d91c                sysconf
 .text.__register_exitproc
                0x000000000801d934       0x80 C:/ST/STM32CubeIDE_1.13.2/STM32CubeIDE/plugins/com.st.stm32cube.ide.mcu.externaltools.gnu-tools-for-stm32.11.3.rel1.win32_1.1.1.202309131626/tools/bin/../lib/gcc/arm-none-eabi/11.3.1/../../../../arm-none-eabi/lib/thumb/v7e-m+fp/hard\libc.a(libc_a-__atexit.o)
                0x000000000801d934                __register_exitproc
 .text.__errno  0x000000000801d9b4        0xc C:/ST/STM32CubeIDE_1.13.2/STM32CubeIDE/plugins/com.st.stm32cube.ide.mcu.externaltools.gnu-tools-for-stm32.11.3.rel1.win32_1.1.1.202309131626/tools/bin/../lib/gcc/arm-none-eabi/11.3.1/../../../../arm-none-eabi/lib/thumb/v7e-m+fp/hard\libc.a(libc_a-errno.o)
                0x000000000801d9b4                __errno
 .text.Reset_Handler
                0x000000000801d9c0       0x50 C:\Users\user\AppData\Local\Temp\cc2MAFcm.o
                0x000000000801d9c0                Reset_Handler
 .text.Default_Handler
                0x000000000801da10        0x2 C:\Users\user\AppData\Local\Temp\cc2MAFcm.o
                0x000000000801da10                RTC_Alarm_IRQHandler
                0x000000000801da10                EXTI2_IRQHandler
                0x000000000801da10                SPI4_IRQHandler
                0x000000000801da10                TIM1_CC_IRQHandler
                0x000000000801da10                DMA2_Stream5_IRQHandler
                0x000000000801da10                DMA1_Stream5_IRQHandler
                0x000000000801da10                PVD_IRQHandler
                0x000000000801da10                SDIO_IRQHandler
                0x000000000801da10                TAMP_STAMP_IRQHandler
                0x000000000801da10                EXTI3_IRQHandler
                0x000000000801da10                TIM1_UP_TIM10_IRQHandler
                0x000000000801da10                I2C3_ER_IRQHandler
                0x000000000801da10                I2C2_EV_IRQHandler
                0x000000000801da10                DMA1_Stream2_IRQHandler
                0x000000000801da10                FPU_IRQHandler
                0x000000000801da10                DMA2_Stream2_IRQHandler
                0x000000000801da10                SPI1_IRQHandler
                0x000000000801da10                TIM1_BRK_TIM9_IRQHandler
                0x000000000801da10                DMA2_Stream3_IRQHandler
                0x000000000801da10                DMA2_Stream0_IRQHandler
                0x000000000801da10                TIM4_IRQHandler
                0x000000000801da10                DMA1_Stream6_IRQHandler
                0x000000000801da10                DMA1_Stream1_IRQHandler
                0x000000000801da10                TIM3_IRQHandler
                0x000000000801da10                RCC_IRQHandler
                0x000000000801da10                Default_Handler
                0x000000000801da10                ADC_IRQHandler
                0x000000000801da10                DMA1_Stream7_IRQHandler
                0x000000000801da10                SPI5_IRQHandler
                0x000000000801da10                DMA2_Stream7_IRQHandler
                0x000000000801da10                I2C3_EV_IRQHandler
                0x000000000801da10                EXTI9_5_IRQHandler
                0x000000000801da10                RTC_WKUP_IRQHandler
                0x000000000801da10                SPI2_IRQHandler
                0x000000000801da10                DMA1_Stream0_IRQHandler
                0x000000000801da10                EXTI4_IRQHandler
                0x000000000801da10                WWDG_IRQHandler
                0x000000000801da10                TIM2_IRQHandler
                0x000000000801da10                OTG_FS_WKUP_IRQHandler
                0x000000000801da10                TIM1_TRG_COM_TIM11_IRQHandler
                0x000000000801da10                I2C2_ER_IRQHandler
                0x000000000801da10                DMA2_Stream1_IRQHandler
                0x000000000801da10                FLASH_IRQHandler
                0x000000000801da10                DMA2_Stream4_IRQHandler
                0x000000000801da10                USART1_IRQHandler
                0x000000000801da10                SPI3_IRQHandler
                0x000000000801da10                DMA1_Stream4_IRQHandler
                0x000000000801da10                DMA2_Stream6_IRQHandler
                0x000000000801da10                DMA1_Stream3_IRQHandler
 *fill*         0x000000000801da12        0x2 
 .text.malloc   0x000000000801da14       0x10 C:/ST/STM32CubeIDE_1.13.2/STM32CubeIDE/plugins/com.st.stm32cube.ide.mcu.externaltools.gnu-tools-for-stm32.11.3.rel1.win32_1.1.1.202309131626/tools/bin/../lib/gcc/arm-none-eabi/11.3.1/../../../../arm-none-eabi/lib/thumb/v7e-m+fp/hard\libg.a(libc_a-malloc.o)
                0x000000000801da14                malloc
 .text.strcpy   0x000000000801da24       0x10 C:/ST/STM32CubeIDE_1.13.2/STM32CubeIDE/plugins/com.st.stm32cube.ide.mcu.externaltools.gnu-tools-for-stm32.11.3.rel1.win32_1.1.1.202309131626/tools/bin/../lib/gcc/arm-none-eabi/11.3.1/../../../../arm-none-eabi/lib/thumb/v7e-m+fp/hard\libg.a(libc_a-strcpy.o)
                0x000000000801da24                strcpy
 .text.memcpy   0x000000000801da34       0x1c C:/ST/STM32CubeIDE_1.13.2/STM32CubeIDE/plugins/com.st.stm32cube.ide.mcu.externaltools.gnu-tools-for-stm32.11.3.rel1.win32_1.1.1.202309131626/tools/bin/../lib/gcc/arm-none-eabi/11.3.1/../../../../arm-none-eabi/lib/thumb/v7e-m+fp/hard\libg.a(libc_a-memcpy-stub.o)
                0x000000000801da34                memcpy
 *(.glue_7)
 .glue_7        0x000000000801da50        0x0 linker stubs
 *(.glue_7t)
 .glue_7t       0x000000000801da50        0x0 linker stubs
 *(.eh_frame)
 .eh_frame      0x000000000801da50        0x0 C:/ST/STM32CubeIDE_1.13.2/STM32CubeIDE/plugins/com.st.stm32cube.ide.mcu.externaltools.gnu-tools-for-stm32.11.3.rel1.win32_1.1.1.202309131626/tools/bin/../lib/gcc/arm-none-eabi/11.3.1/thumb/v7e-m+fp/hard/crtbegin.o
 *(.init)
 .init          0x000000000801da50        0x4 C:/ST/STM32CubeIDE_1.13.2/STM32CubeIDE/plugins/com.st.stm32cube.ide.mcu.externaltools.gnu-tools-for-stm32.11.3.rel1.win32_1.1.1.202309131626/tools/bin/../lib/gcc/arm-none-eabi/11.3.1/thumb/v7e-m+fp/hard/crti.o
                0x000000000801da50                _init
 .init          0x000000000801da54        0x8 C:/ST/STM32CubeIDE_1.13.2/STM32CubeIDE/plugins/com.st.stm32cube.ide.mcu.externaltools.gnu-tools-for-stm32.11.3.rel1.win32_1.1.1.202309131626/tools/bin/../lib/gcc/arm-none-eabi/11.3.1/thumb/v7e-m+fp/hard/crtn.o
 *(.fini)
 .fini          0x000000000801da5c        0x4 C:/ST/STM32CubeIDE_1.13.2/STM32CubeIDE/plugins/com.st.stm32cube.ide.mcu.externaltools.gnu-tools-for-stm32.11.3.rel1.win32_1.1.1.202309131626/tools/bin/../lib/gcc/arm-none-eabi/11.3.1/thumb/v7e-m+fp/hard/crti.o
                0x000000000801da5c                _fini
 .fini          0x000000000801da60        0x8 C:/ST/STM32CubeIDE_1.13.2/STM32CubeIDE/plugins/com.st.stm32cube.ide.mcu.externaltools.gnu-tools-for-stm32.11.3.rel1.win32_1.1.1.202309131626/tools/bin/../lib/gcc/arm-none-eabi/11.3.1/thumb/v7e-m+fp/hard/crtn.o
                0x000000000801da68                . = ALIGN (0x4)
                0x000000000801da68                _etext = .

.vfp11_veneer   0x000000000801da68        0x0
 .vfp11_veneer  0x000000000801da68        0x0 linker stubs

.v4_bx          0x000000000801da68        0x0
 .v4_bx         0x000000000801da68        0x0 linker stubs

.iplt           0x000000000801da68        0x0
 .iplt          0x000000000801da68        0x0 C:/ST/STM32CubeIDE_1.13.2/STM32CubeIDE/plugins/com.st.stm32cube.ide.mcu.externaltools.gnu-tools-for-stm32.11.3.rel1.win32_1.1.1.202309131626/tools/bin/../lib/gcc/arm-none-eabi/11.3.1/thumb/v7e-m+fp/hard/crtbegin.o

.rodata         0x000000000801da68      0x178
                0x000000000801da68                . = ALIGN (0x4)
 *(.rodata)
 .rodata        0x000000000801da68       0x10 C:\Users\user\AppData\Local\Temp\cc2y6XyY.o
                0x000000000801da68                APBAHBPrescTable
 .rodata        0x000000000801da78       0xa1 C:\Users\user\AppData\Local\Temp\ccwAZ5nx.o
 *fill*         0x000000000801db19        0x3 
 .rodata        0x000000000801db1c       0xae C:\Users\user\AppData\Local\Temp\ccv7ZAW6.o
 *fill*         0x000000000801dbca        0x2 
 .rodata        0x000000000801dbcc        0xc C:\Users\user\AppData\Local\Temp\ccvHdx6R.o
                0x000000000801dbcc                color_define
 .rodata        0x000000000801dbd8        0x5 C:\Users\user\AppData\Local\Temp\ccttrZsz.o
 *(.rodata*)
                0x000000000801dbe0                . = ALIGN (0x4)
 *fill*         0x000000000801dbdd        0x3 

.rel.dyn        0x000000000801dbe0        0x0
 .rel.iplt      0x000000000801dbe0        0x0 C:/ST/STM32CubeIDE_1.13.2/STM32CubeIDE/plugins/com.st.stm32cube.ide.mcu.externaltools.gnu-tools-for-stm32.11.3.rel1.win32_1.1.1.202309131626/tools/bin/../lib/gcc/arm-none-eabi/11.3.1/thumb/v7e-m+fp/hard/crtbegin.o

.ARM.extab
 *(.ARM.extab* .gnu.linkonce.armextab.*)

.ARM            0x000000000801dbe0        0x0
                0x000000000801dbe0                __exidx_start = .
 *(.ARM.exidx*)
                0x000000000801dbe0                __exidx_end = .

.preinit_array  0x000000000801dbe0        0x0
                0x000000000801dbe0                PROVIDE (__preinit_array_start = .)
 *(.preinit_array*)
                0x000000000801dbe0                PROVIDE (__preinit_array_end = .)

.init_array     0x000000000801dbe0        0x8
                0x000000000801dbe0                PROVIDE (__init_array_start = .)
 *(SORT_BY_NAME(.init_array.*))
 .init_array.00000
                0x000000000801dbe0        0x4 C:/ST/STM32CubeIDE_1.13.2/STM32CubeIDE/plugins/com.st.stm32cube.ide.mcu.externaltools.gnu-tools-for-stm32.11.3.rel1.win32_1.1.1.202309131626/tools/bin/../lib/gcc/arm-none-eabi/11.3.1/../../../../arm-none-eabi/lib/thumb/v7e-m+fp/hard\libc.a(libc_a-__call_atexit.o)
 *(.init_array*)
 .init_array    0x000000000801dbe4        0x4 C:/ST/STM32CubeIDE_1.13.2/STM32CubeIDE/plugins/com.st.stm32cube.ide.mcu.externaltools.gnu-tools-for-stm32.11.3.rel1.win32_1.1.1.202309131626/tools/bin/../lib/gcc/arm-none-eabi/11.3.1/thumb/v7e-m+fp/hard/crtbegin.o
                0x000000000801dbe8                PROVIDE (__init_array_end = .)

.fini_array     0x000000000801dbe8        0x4
                0x000000000801dbe8                PROVIDE (__fini_array_start = .)
 *(SORT_BY_NAME(.fini_array.*))
 *(.fini_array*)
 .fini_array    0x000000000801dbe8        0x4 C:/ST/STM32CubeIDE_1.13.2/STM32CubeIDE/plugins/com.st.stm32cube.ide.mcu.externaltools.gnu-tools-for-stm32.11.3.rel1.win32_1.1.1.202309131626/tools/bin/../lib/gcc/arm-none-eabi/11.3.1/thumb/v7e-m+fp/hard/crtbegin.o
                0x000000000801dbec                PROVIDE (__fini_array_end = .)
                0x000000000801dbec                _sidata = LOADADDR (.data)

.data           0x0000000020000000      0x578 load address 0x000000000801dbec
                0x0000000020000000                . = ALIGN (0x4)
                0x0000000020000000                _sdata = .
 *(.data)
 .data          0x0000000020000000        0x1 C:\Users\user\AppData\Local\Temp\ccwAZ5nx.o
                0x0000000020000000                mode
 *fill*         0x0000000020000001        0x3 
 .data          0x0000000020000004       0x14 C:\Users\user\AppData\Local\Temp\ccyGB15v.o
                0x0000000020000004                SystemCoreClock
                0x0000000020000008                AHBPrescTable
 .data          0x0000000020000018       0x11 C:\Users\user\AppData\Local\Temp\ccfMlmcX.o
 *fill*         0x0000000020000029        0x3 
 .data          0x000000002000002c        0x8 C:\Users\user\AppData\Local\Temp\ccFl7EDV.o
 .data          0x0000000020000034        0x4 C:\Users\user\AppData\Local\Temp\ccttrZsz.o
 .data          0x0000000020000038        0x4 C:\Users\user\AppData\Local\Temp\cccxpQOQ.o
 *(.data*)
 *fill*         0x000000002000003c        0x4 
 .data._impure_data
                0x0000000020000040      0x120 C:/ST/STM32CubeIDE_1.13.2/STM32CubeIDE/plugins/com.st.stm32cube.ide.mcu.externaltools.gnu-tools-for-stm32.11.3.rel1.win32_1.1.1.202309131626/tools/bin/../lib/gcc/arm-none-eabi/11.3.1/../../../../arm-none-eabi/lib/thumb/v7e-m+fp/hard\libc.a(libc_a-impure.o)
                0x0000000020000040                _impure_data
 .data._impure_ptr
                0x0000000020000160        0x4 C:/ST/STM32CubeIDE_1.13.2/STM32CubeIDE/plugins/com.st.stm32cube.ide.mcu.externaltools.gnu-tools-for-stm32.11.3.rel1.win32_1.1.1.202309131626/tools/bin/../lib/gcc/arm-none-eabi/11.3.1/../../../../arm-none-eabi/lib/thumb/v7e-m+fp/hard\libc.a(libc_a-impure.o)
                0x0000000020000160                _impure_ptr
 .data.__atexit_recursive_mutex
                0x0000000020000164        0x4 C:/ST/STM32CubeIDE_1.13.2/STM32CubeIDE/plugins/com.st.stm32cube.ide.mcu.externaltools.gnu-tools-for-stm32.11.3.rel1.win32_1.1.1.202309131626/tools/bin/../lib/gcc/arm-none-eabi/11.3.1/../../../../arm-none-eabi/lib/thumb/v7e-m+fp/hard\libc.a(libc_a-__call_atexit.o)
                0x0000000020000164                __atexit_recursive_mutex
 .data.__malloc_av_
                0x0000000020000168      0x408 C:/ST/STM32CubeIDE_1.13.2/STM32CubeIDE/plugins/com.st.stm32cube.ide.mcu.externaltools.gnu-tools-for-stm32.11.3.rel1.win32_1.1.1.202309131626/tools/bin/../lib/gcc/arm-none-eabi/11.3.1/../../../../arm-none-eabi/lib/thumb/v7e-m+fp/hard\libc.a(libc_a-mallocr.o)
                0x0000000020000168                __malloc_av_
 .data.__malloc_sbrk_base
                0x0000000020000570        0x4 C:/ST/STM32CubeIDE_1.13.2/STM32CubeIDE/plugins/com.st.stm32cube.ide.mcu.externaltools.gnu-tools-for-stm32.11.3.rel1.win32_1.1.1.202309131626/tools/bin/../lib/gcc/arm-none-eabi/11.3.1/../../../../arm-none-eabi/lib/thumb/v7e-m+fp/hard\libc.a(libc_a-mallocr.o)
                0x0000000020000570                __malloc_sbrk_base
 .data.__malloc_trim_threshold
                0x0000000020000574        0x4 C:/ST/STM32CubeIDE_1.13.2/STM32CubeIDE/plugins/com.st.stm32cube.ide.mcu.externaltools.gnu-tools-for-stm32.11.3.rel1.win32_1.1.1.202309131626/tools/bin/../lib/gcc/arm-none-eabi/11.3.1/../../../../arm-none-eabi/lib/thumb/v7e-m+fp/hard\libc.a(libc_a-mallocr.o)
                0x0000000020000574                __malloc_trim_threshold
                0x0000000020000578                . = ALIGN (0x4)
                0x0000000020000578                _edata = .

.igot.plt       0x0000000020000578        0x0 load address 0x000000000801e164
 .igot.plt      0x0000000020000578        0x0 C:/ST/STM32CubeIDE_1.13.2/STM32CubeIDE/plugins/com.st.stm32cube.ide.mcu.externaltools.gnu-tools-for-stm32.11.3.rel1.win32_1.1.1.202309131626/tools/bin/../lib/gcc/arm-none-eabi/11.3.1/thumb/v7e-m+fp/hard/crtbegin.o
                0x0000000020000578                . = ALIGN (0x4)

.bss            0x0000000020000578     0x5ef4 load address 0x000000000801e164
                0x0000000020000578                _sbss = .
                0x0000000020000578                __bss_start__ = _sbss
 *(.bss)
 .bss           0x0000000020000578       0x1c C:/ST/STM32CubeIDE_1.13.2/STM32CubeIDE/plugins/com.st.stm32cube.ide.mcu.externaltools.gnu-tools-for-stm32.11.3.rel1.win32_1.1.1.202309131626/tools/bin/../lib/gcc/arm-none-eabi/11.3.1/thumb/v7e-m+fp/hard/crtbegin.o
 .bss           0x0000000020000594        0x4 C:\Users\user\AppData\Local\Temp\ccmmYHnW.o
 .bss           0x0000000020000598       0x30 C:\Users\user\AppData\Local\Temp\ccwAZ5nx.o
                0x0000000020000598                xSemaphore
                0x000000002000059c                sem_MR
                0x00000000200005a0                sem_ML
                0x00000000200005a4                sem_LCD
                0x00000000200005a8                queueMR
                0x00000000200005ac                queueML
                0x00000000200005b0                qhLCD
                0x00000000200005b4                sZigbee
                0x00000000200005b8                direction
                0x00000000200005bc                auto_speed
                0x00000000200005c0                control_speed
                0x00000000200005c4                count
 .bss           0x00000000200005c8        0x4 C:\Users\user\AppData\Local\Temp\ccTUea7H.o
 .bss           0x00000000200005cc       0x58 C:\Users\user\AppData\Local\Temp\ccytgg7P.o
 .bss           0x0000000020000624       0x1e C:\Users\user\AppData\Local\Temp\ccp4WqHT.o
                0x0000000020000624                indexL
 *fill*         0x0000000020000642        0x2 
 .bss           0x0000000020000644       0x58 C:\Users\user\AppData\Local\Temp\ccFl7EDV.o
 .bss           0x000000002000069c      0x124 C:\Users\user\AppData\Local\Temp\ccttrZsz.o
                0x000000002000069c                pxCurrentTCB
 .bss           0x00000000200007c0        0x8 C:\Users\user\AppData\Local\Temp\cccxpQOQ.o
 .bss           0x00000000200007c8     0x5008 C:\Users\user\AppData\Local\Temp\ccfHBNVc.o
 *(.bss*)
 .bss.__sf      0x00000000200057d0      0x138 C:/ST/STM32CubeIDE_1.13.2/STM32CubeIDE/plugins/com.st.stm32cube.ide.mcu.externaltools.gnu-tools-for-stm32.11.3.rel1.win32_1.1.1.202309131626/tools/bin/../lib/gcc/arm-none-eabi/11.3.1/../../../../arm-none-eabi/lib/thumb/v7e-m+fp/hard\libc.a(libc_a-findfp.o)
                0x00000000200057d0                __sf
 .bss.errno     0x0000000020005908        0x4 C:/ST/STM32CubeIDE_1.13.2/STM32CubeIDE/plugins/com.st.stm32cube.ide.mcu.externaltools.gnu-tools-for-stm32.11.3.rel1.win32_1.1.1.202309131626/tools/bin/../lib/gcc/arm-none-eabi/11.3.1/../../../../arm-none-eabi/lib/thumb/v7e-m+fp/hard\libc.a(libc_a-reent.o)
                0x0000000020005908                errno
 .bss.__lock___atexit_recursive_mutex
                0x000000002000590c        0x1 C:/ST/STM32CubeIDE_1.13.2/STM32CubeIDE/plugins/com.st.stm32cube.ide.mcu.externaltools.gnu-tools-for-stm32.11.3.rel1.win32_1.1.1.202309131626/tools/bin/../lib/gcc/arm-none-eabi/11.3.1/../../../../arm-none-eabi/lib/thumb/v7e-m+fp/hard\libc.a(libc_a-lock.o)
                0x000000002000590c                __lock___atexit_recursive_mutex
 .bss.__lock___malloc_recursive_mutex
                0x000000002000590d        0x1 C:/ST/STM32CubeIDE_1.13.2/STM32CubeIDE/plugins/com.st.stm32cube.ide.mcu.externaltools.gnu-tools-for-stm32.11.3.rel1.win32_1.1.1.202309131626/tools/bin/../lib/gcc/arm-none-eabi/11.3.1/../../../../arm-none-eabi/lib/thumb/v7e-m+fp/hard\libc.a(libc_a-lock.o)
                0x000000002000590d                __lock___malloc_recursive_mutex
 *fill*         0x000000002000590e        0x2 
 .bss.__atexit  0x0000000020005910        0x4 C:/ST/STM32CubeIDE_1.13.2/STM32CubeIDE/plugins/com.st.stm32cube.ide.mcu.externaltools.gnu-tools-for-stm32.11.3.rel1.win32_1.1.1.202309131626/tools/bin/../lib/gcc/arm-none-eabi/11.3.1/../../../../arm-none-eabi/lib/thumb/v7e-m+fp/hard\libc.a(libc_a-__call_atexit.o)
                0x0000000020005910                __atexit
 .bss.__malloc_current_mallinfo
                0x0000000020005914       0x28 C:/ST/STM32CubeIDE_1.13.2/STM32CubeIDE/plugins/com.st.stm32cube.ide.mcu.externaltools.gnu-tools-for-stm32.11.3.rel1.win32_1.1.1.202309131626/tools/bin/../lib/gcc/arm-none-eabi/11.3.1/../../../../arm-none-eabi/lib/thumb/v7e-m+fp/hard\libc.a(libc_a-mallocr.o)
                0x0000000020005914                __malloc_current_mallinfo
 .bss.__malloc_max_sbrked_mem
                0x000000002000593c        0x4 C:/ST/STM32CubeIDE_1.13.2/STM32CubeIDE/plugins/com.st.stm32cube.ide.mcu.externaltools.gnu-tools-for-stm32.11.3.rel1.win32_1.1.1.202309131626/tools/bin/../lib/gcc/arm-none-eabi/11.3.1/../../../../arm-none-eabi/lib/thumb/v7e-m+fp/hard\libc.a(libc_a-mallocr.o)
                0x000000002000593c                __malloc_max_sbrked_mem
 .bss.__malloc_max_total_mem
                0x0000000020005940        0x4 C:/ST/STM32CubeIDE_1.13.2/STM32CubeIDE/plugins/com.st.stm32cube.ide.mcu.externaltools.gnu-tools-for-stm32.11.3.rel1.win32_1.1.1.202309131626/tools/bin/../lib/gcc/arm-none-eabi/11.3.1/../../../../arm-none-eabi/lib/thumb/v7e-m+fp/hard\libc.a(libc_a-mallocr.o)
                0x0000000020005940                __malloc_max_total_mem
 .bss.__malloc_top_pad
                0x0000000020005944        0x4 C:/ST/STM32CubeIDE_1.13.2/STM32CubeIDE/plugins/com.st.stm32cube.ide.mcu.externaltools.gnu-tools-for-stm32.11.3.rel1.win32_1.1.1.202309131626/tools/bin/../lib/gcc/arm-none-eabi/11.3.1/../../../../arm-none-eabi/lib/thumb/v7e-m+fp/hard\libc.a(libc_a-mallocr.o)
                0x0000000020005944                __malloc_top_pad
 .bss.__atexit0
                0x0000000020005948      0x190 C:/ST/STM32CubeIDE_1.13.2/STM32CubeIDE/plugins/com.st.stm32cube.ide.mcu.externaltools.gnu-tools-for-stm32.11.3.rel1.win32_1.1.1.202309131626/tools/bin/../lib/gcc/arm-none-eabi/11.3.1/../../../../arm-none-eabi/lib/thumb/v7e-m+fp/hard\libc.a(libc_a-__atexit.o)
                0x0000000020005948                __atexit0
 *(COMMON)
 COMMON         0x0000000020005ad8      0x700 C:\Users\user\AppData\Local\Temp\ccwAZ5nx.o
                0x0000000020005ad8                tab_speedR
                0x0000000020005df8                Uart6Handle
                0x0000000020005e38                Uart2Handle
                0x0000000020005e78                Uart1Handle
                0x0000000020005eb8                tab_speedL
 COMMON         0x00000000200061d8       0x3c C:\Users\user\AppData\Local\Temp\ccfdHfux.o
                0x00000000200061d8                TimHandle_period
 COMMON         0x0000000020006214       0xdc C:\Users\user\AppData\Local\Temp\cc4Q7upa.o
                0x0000000020006214                adcHandle_12
                0x0000000020006258                adcHandle
                0x000000002000629c                sConfig
                0x00000000200062ac                adcHandle_13
 COMMON         0x00000000200062f0       0x78 C:\Users\user\AppData\Local\Temp\ccp4WqHT.o
                0x00000000200062f0                TimEncoderHandleRight
                0x000000002000632c                TimEncoderHandleLeft
 COMMON         0x0000000020006368       0x21 C:\Users\user\AppData\Local\Temp\ccv7ZAW6.o
                0x0000000020006368                version
                0x000000002000636c                frameHeight
                0x0000000020006370                blocks
                0x0000000020006374                frameWidth
                0x0000000020006376                m_length
                0x0000000020006377                m_type
                0x0000000020006378                header
                0x000000002000637c                m_buf
                0x0000000020006380                numBlocks
                0x0000000020006384                m_bufPayload
                0x0000000020006388                m_cs
 COMMON         0x0000000020006389        0x6 C:\Users\user\AppData\Local\Temp\ccvHdx6R.o
                0x0000000020006389                _currline
                0x000000002000638a                _displaycontrol
                0x000000002000638b                _numlines
                0x000000002000638c                _displaymode
                0x000000002000638d                _displayfunction
                0x000000002000638e                _initialized
 *fill*         0x000000002000638f        0x1 
 COMMON         0x0000000020006390       0x3c C:\Users\user\AppData\Local\Temp\cc7TrBMr.o
                0x0000000020006390                hi2c1
 COMMON         0x00000000200063cc        0x7 C:\Users\user\AppData\Local\Temp\ccThxhFa.o
                0x00000000200063cc                rec_buf2
                0x00000000200063d0                rec_buf6
 *fill*         0x00000000200063d3        0x1 
 COMMON         0x00000000200063d4       0x58 C:\Users\user\AppData\Local\Temp\cc9ORI73.o
                0x00000000200063d4                SpiHandle
 COMMON         0x000000002000642c       0x40 C:\Users\user\AppData\Local\Temp\cccAz6zm.o
                0x000000002000642c                xQueueRegistry
                0x000000002000646c                . = ALIGN (0x4)
                0x000000002000646c                _ebss = .
                0x000000002000646c                __bss_end__ = _ebss

._user_heap_stack
                0x000000002000646c      0x400 load address 0x000000000801e164
                0x000000002000646c                . = ALIGN (0x4)
                [!provide]                        PROVIDE (end = .)
                [!provide]                        PROVIDE (_end = .)
                0x000000002000666c                . = (. + _Min_Heap_Size)
 *fill*         0x000000002000646c      0x200 
                0x000000002000686c                . = (. + _Min_Stack_Size)
 *fill*         0x000000002000666c      0x200 
                0x000000002000686c                . = ALIGN (0x4)

/DISCARD/
 libc.a(*)
 libm.a(*)
 libgcc.a(*)

.ARM.attributes
                0x0000000000000000       0x30
 *(.ARM.attributes)
 .ARM.attributes
                0x0000000000000000       0x1e C:/ST/STM32CubeIDE_1.13.2/STM32CubeIDE/plugins/com.st.stm32cube.ide.mcu.externaltools.gnu-tools-for-stm32.11.3.rel1.win32_1.1.1.202309131626/tools/bin/../lib/gcc/arm-none-eabi/11.3.1/thumb/v7e-m+fp/hard/crti.o
 .ARM.attributes
                0x000000000000001e       0x34 C:/ST/STM32CubeIDE_1.13.2/STM32CubeIDE/plugins/com.st.stm32cube.ide.mcu.externaltools.gnu-tools-for-stm32.11.3.rel1.win32_1.1.1.202309131626/tools/bin/../lib/gcc/arm-none-eabi/11.3.1/thumb/v7e-m+fp/hard/crtbegin.o
 .ARM.attributes
                0x0000000000000052       0x34 C:/ST/STM32CubeIDE_1.13.2/STM32CubeIDE/plugins/com.st.stm32cube.ide.mcu.externaltools.gnu-tools-for-stm32.11.3.rel1.win32_1.1.1.202309131626/tools/bin/../lib/gcc/arm-none-eabi/11.3.1/../../../../arm-none-eabi/lib/thumb/v7e-m+fp/hard\libc.a(libc_a-findfp.o)
 .ARM.attributes
                0x0000000000000086       0x34 C:/ST/STM32CubeIDE_1.13.2/STM32CubeIDE/plugins/com.st.stm32cube.ide.mcu.externaltools.gnu-tools-for-stm32.11.3.rel1.win32_1.1.1.202309131626/tools/bin/../lib/gcc/arm-none-eabi/11.3.1/../../../../arm-none-eabi/lib/thumb/v7e-m+fp/hard\libc.a(libc_a-memset.o)
 .ARM.attributes
                0x00000000000000ba       0x34 C:/ST/STM32CubeIDE_1.13.2/STM32CubeIDE/plugins/com.st.stm32cube.ide.mcu.externaltools.gnu-tools-for-stm32.11.3.rel1.win32_1.1.1.202309131626/tools/bin/../lib/gcc/arm-none-eabi/11.3.1/../../../../arm-none-eabi/lib/thumb/v7e-m+fp/hard\libc.a(libc_a-reent.o)
 .ARM.attributes
                0x00000000000000ee       0x34 C:/ST/STM32CubeIDE_1.13.2/STM32CubeIDE/plugins/com.st.stm32cube.ide.mcu.externaltools.gnu-tools-for-stm32.11.3.rel1.win32_1.1.1.202309131626/tools/bin/../lib/gcc/arm-none-eabi/11.3.1/../../../../arm-none-eabi/lib/thumb/v7e-m+fp/hard\libc.a(libc_a-impure.o)
 .ARM.attributes
                0x0000000000000122       0x34 C:/ST/STM32CubeIDE_1.13.2/STM32CubeIDE/plugins/com.st.stm32cube.ide.mcu.externaltools.gnu-tools-for-stm32.11.3.rel1.win32_1.1.1.202309131626/tools/bin/../lib/gcc/arm-none-eabi/11.3.1/../../../../arm-none-eabi/lib/thumb/v7e-m+fp/hard\libc.a(libc_a-init.o)
 .ARM.attributes
                0x0000000000000156       0x34 C:/ST/STM32CubeIDE_1.13.2/STM32CubeIDE/plugins/com.st.stm32cube.ide.mcu.externaltools.gnu-tools-for-stm32.11.3.rel1.win32_1.1.1.202309131626/tools/bin/../lib/gcc/arm-none-eabi/11.3.1/../../../../arm-none-eabi/lib/thumb/v7e-m+fp/hard\libc.a(libc_a-lock.o)
 .ARM.attributes
                0x000000000000018a       0x34 C:/ST/STM32CubeIDE_1.13.2/STM32CubeIDE/plugins/com.st.stm32cube.ide.mcu.externaltools.gnu-tools-for-stm32.11.3.rel1.win32_1.1.1.202309131626/tools/bin/../lib/gcc/arm-none-eabi/11.3.1/../../../../arm-none-eabi/lib/thumb/v7e-m+fp/hard\libc.a(libc_a-__call_atexit.o)
 .ARM.attributes
                0x00000000000001be       0x34 C:/ST/STM32CubeIDE_1.13.2/STM32CubeIDE/plugins/com.st.stm32cube.ide.mcu.externaltools.gnu-tools-for-stm32.11.3.rel1.win32_1.1.1.202309131626/tools/bin/../lib/gcc/arm-none-eabi/11.3.1/../../../../arm-none-eabi/lib/thumb/v7e-m+fp/hard\libc.a(libc_a-atexit.o)
 .ARM.attributes
                0x00000000000001f2       0x34 C:/ST/STM32CubeIDE_1.13.2/STM32CubeIDE/plugins/com.st.stm32cube.ide.mcu.externaltools.gnu-tools-for-stm32.11.3.rel1.win32_1.1.1.202309131626/tools/bin/../lib/gcc/arm-none-eabi/11.3.1/../../../../arm-none-eabi/lib/thumb/v7e-m+fp/hard\libc.a(libc_a-freer.o)
 .ARM.attributes
                0x0000000000000226       0x34 C:/ST/STM32CubeIDE_1.13.2/STM32CubeIDE/plugins/com.st.stm32cube.ide.mcu.externaltools.gnu-tools-for-stm32.11.3.rel1.win32_1.1.1.202309131626/tools/bin/../lib/gcc/arm-none-eabi/11.3.1/../../../../arm-none-eabi/lib/thumb/v7e-m+fp/hard\libc.a(libc_a-mallocr.o)
 .ARM.attributes
                0x000000000000025a       0x34 C:/ST/STM32CubeIDE_1.13.2/STM32CubeIDE/plugins/com.st.stm32cube.ide.mcu.externaltools.gnu-tools-for-stm32.11.3.rel1.win32_1.1.1.202309131626/tools/bin/../lib/gcc/arm-none-eabi/11.3.1/../../../../arm-none-eabi/lib/thumb/v7e-m+fp/hard\libc.a(libc_a-mlock.o)
 .ARM.attributes
                0x000000000000028e       0x34 C:/ST/STM32CubeIDE_1.13.2/STM32CubeIDE/plugins/com.st.stm32cube.ide.mcu.externaltools.gnu-tools-for-stm32.11.3.rel1.win32_1.1.1.202309131626/tools/bin/../lib/gcc/arm-none-eabi/11.3.1/../../../../arm-none-eabi/lib/thumb/v7e-m+fp/hard\libc.a(libc_a-sbrkr.o)
 .ARM.attributes
                0x00000000000002c2       0x34 C:/ST/STM32CubeIDE_1.13.2/STM32CubeIDE/plugins/com.st.stm32cube.ide.mcu.externaltools.gnu-tools-for-stm32.11.3.rel1.win32_1.1.1.202309131626/tools/bin/../lib/gcc/arm-none-eabi/11.3.1/../../../../arm-none-eabi/lib/thumb/v7e-m+fp/hard\libc.a(libc_a-fini.o)
 .ARM.attributes
                0x00000000000002f6       0x34 C:/ST/STM32CubeIDE_1.13.2/STM32CubeIDE/plugins/com.st.stm32cube.ide.mcu.externaltools.gnu-tools-for-stm32.11.3.rel1.win32_1.1.1.202309131626/tools/bin/../lib/gcc/arm-none-eabi/11.3.1/../../../../arm-none-eabi/lib/thumb/v7e-m+fp/hard\libc.a(libc_a-sysconf.o)
 .ARM.attributes
                0x000000000000032a       0x34 C:/ST/STM32CubeIDE_1.13.2/STM32CubeIDE/plugins/com.st.stm32cube.ide.mcu.externaltools.gnu-tools-for-stm32.11.3.rel1.win32_1.1.1.202309131626/tools/bin/../lib/gcc/arm-none-eabi/11.3.1/../../../../arm-none-eabi/lib/thumb/v7e-m+fp/hard\libc.a(libc_a-__atexit.o)
 .ARM.attributes
                0x000000000000035e       0x34 C:/ST/STM32CubeIDE_1.13.2/STM32CubeIDE/plugins/com.st.stm32cube.ide.mcu.externaltools.gnu-tools-for-stm32.11.3.rel1.win32_1.1.1.202309131626/tools/bin/../lib/gcc/arm-none-eabi/11.3.1/../../../../arm-none-eabi/lib/thumb/v7e-m+fp/hard\libc.a(libc_a-errno.o)
 .ARM.attributes
                0x0000000000000392       0x34 C:\Users\user\AppData\Local\Temp\ccmmYHnW.o
 .ARM.attributes
                0x00000000000003c6       0x34 C:\Users\user\AppData\Local\Temp\cc2y6XyY.o
 .ARM.attributes
                0x00000000000003fa       0x34 C:\Users\user\AppData\Local\Temp\ccf8XVB0.o
 .ARM.attributes
                0x000000000000042e       0x34 C:\Users\user\AppData\Local\Temp\ccEDyXX9.o
 .ARM.attributes
                0x0000000000000462       0x34 C:\Users\user\AppData\Local\Temp\ccTQ9Bih.o
 .ARM.attributes
                0x0000000000000496       0x34 C:\Users\user\AppData\Local\Temp\ccXLF9GP.o
 .ARM.attributes
                0x00000000000004ca       0x34 C:\Users\user\AppData\Local\Temp\ccCXjWk0.o
 .ARM.attributes
                0x00000000000004fe       0x34 C:\Users\user\AppData\Local\Temp\ccuVhUy8.o
 .ARM.attributes
                0x0000000000000532       0x34 C:\Users\user\AppData\Local\Temp\ccMaSUOn.o
 .ARM.attributes
                0x0000000000000566       0x34 C:\Users\user\AppData\Local\Temp\ccehVxFG.o
 .ARM.attributes
                0x000000000000059a       0x34 C:\Users\user\AppData\Local\Temp\ccUWu2ga.o
 .ARM.attributes
                0x00000000000005ce       0x34 C:\Users\user\AppData\Local\Temp\ccs4Ed9L.o
 .ARM.attributes
                0x0000000000000602       0x34 C:\Users\user\AppData\Local\Temp\ccwAZ5nx.o
 .ARM.attributes
                0x0000000000000636       0x21 C:\Users\user\AppData\Local\Temp\cc2MAFcm.o
 .ARM.attributes
                0x0000000000000657       0x34 C:\Users\user\AppData\Local\Temp\ccU4Zvck.o
 .ARM.attributes
                0x000000000000068b       0x34 C:\Users\user\AppData\Local\Temp\cczDUASn.o
 .ARM.attributes
                0x00000000000006bf       0x34 C:\Users\user\AppData\Local\Temp\ccyGB15v.o
 .ARM.attributes
                0x00000000000006f3       0x34 C:\Users\user\AppData\Local\Temp\ccTUea7H.o
 .ARM.attributes
                0x0000000000000727       0x34 C:\Users\user\AppData\Local\Temp\cc66IZs4.o
 .ARM.attributes
                0x000000000000075b       0x34 C:\Users\user\AppData\Local\Temp\ccfdHfux.o
 .ARM.attributes
                0x000000000000078f       0x34 C:\Users\user\AppData\Local\Temp\cc4Q7upa.o
 .ARM.attributes
                0x00000000000007c3       0x34 C:\Users\user\AppData\Local\Temp\ccfMlmcX.o
 .ARM.attributes
                0x00000000000007f7       0x34 C:\Users\user\AppData\Local\Temp\ccytgg7P.o
 .ARM.attributes
                0x000000000000082b       0x34 C:\Users\user\AppData\Local\Temp\ccp4WqHT.o
 .ARM.attributes
                0x000000000000085f       0x34 C:\Users\user\AppData\Local\Temp\ccFl7EDV.o
 .ARM.attributes
                0x0000000000000893       0x34 C:\Users\user\AppData\Local\Temp\ccv7ZAW6.o
 .ARM.attributes
                0x00000000000008c7       0x34 C:\Users\user\AppData\Local\Temp\ccb0Iy4n.o
 .ARM.attributes
                0x00000000000008fb       0x34 C:\Users\user\AppData\Local\Temp\ccvHdx6R.o
 .ARM.attributes
                0x000000000000092f       0x34 C:\Users\user\AppData\Local\Temp\cc7TrBMr.o
 .ARM.attributes
                0x0000000000000963       0x34 C:\Users\user\AppData\Local\Temp\ccThxhFa.o
 .ARM.attributes
                0x0000000000000997       0x34 C:\Users\user\AppData\Local\Temp\cc9ORI73.o
 .ARM.attributes
                0x00000000000009cb       0x34 C:\Users\user\AppData\Local\Temp\cc5lB0l3.o
 .ARM.attributes
                0x00000000000009ff       0x34 C:\Users\user\AppData\Local\Temp\ccdC2Xfh.o
 .ARM.attributes
                0x0000000000000a33       0x34 C:\Users\user\AppData\Local\Temp\cccAz6zm.o
 .ARM.attributes
                0x0000000000000a67       0x34 C:\Users\user\AppData\Local\Temp\ccttrZsz.o
 .ARM.attributes
                0x0000000000000a9b       0x34 C:\Users\user\AppData\Local\Temp\cccxpQOQ.o
 .ARM.attributes
                0x0000000000000acf       0x34 C:\Users\user\AppData\Local\Temp\ccfHBNVc.o
 .ARM.attributes
                0x0000000000000b03       0x1e C:/ST/STM32CubeIDE_1.13.2/STM32CubeIDE/plugins/com.st.stm32cube.ide.mcu.externaltools.gnu-tools-for-stm32.11.3.rel1.win32_1.1.1.202309131626/tools/bin/../lib/gcc/arm-none-eabi/11.3.1/thumb/v7e-m+fp/hard\libgcc.a(_arm_addsubdf3.o)
 .ARM.attributes
                0x0000000000000b21       0x1e C:/ST/STM32CubeIDE_1.13.2/STM32CubeIDE/plugins/com.st.stm32cube.ide.mcu.externaltools.gnu-tools-for-stm32.11.3.rel1.win32_1.1.1.202309131626/tools/bin/../lib/gcc/arm-none-eabi/11.3.1/thumb/v7e-m+fp/hard\libgcc.a(_arm_muldivdf3.o)
 .ARM.attributes
                0x0000000000000b3f       0x1e C:/ST/STM32CubeIDE_1.13.2/STM32CubeIDE/plugins/com.st.stm32cube.ide.mcu.externaltools.gnu-tools-for-stm32.11.3.rel1.win32_1.1.1.202309131626/tools/bin/../lib/gcc/arm-none-eabi/11.3.1/thumb/v7e-m+fp/hard\libgcc.a(_arm_truncdfsf2.o)
 .ARM.attributes
                0x0000000000000b5d       0x34 C:/ST/STM32CubeIDE_1.13.2/STM32CubeIDE/plugins/com.st.stm32cube.ide.mcu.externaltools.gnu-tools-for-stm32.11.3.rel1.win32_1.1.1.202309131626/tools/bin/../lib/gcc/arm-none-eabi/11.3.1/../../../../arm-none-eabi/lib/thumb/v7e-m+fp/hard\libg.a(libc_a-malloc.o)
 .ARM.attributes
                0x0000000000000b91       0x1c C:/ST/STM32CubeIDE_1.13.2/STM32CubeIDE/plugins/com.st.stm32cube.ide.mcu.externaltools.gnu-tools-for-stm32.11.3.rel1.win32_1.1.1.202309131626/tools/bin/../lib/gcc/arm-none-eabi/11.3.1/../../../../arm-none-eabi/lib/thumb/v7e-m+fp/hard\libg.a(libc_a-strcmp.o)
 .ARM.attributes
                0x0000000000000bad       0x34 C:/ST/STM32CubeIDE_1.13.2/STM32CubeIDE/plugins/com.st.stm32cube.ide.mcu.externaltools.gnu-tools-for-stm32.11.3.rel1.win32_1.1.1.202309131626/tools/bin/../lib/gcc/arm-none-eabi/11.3.1/../../../../arm-none-eabi/lib/thumb/v7e-m+fp/hard\libg.a(libc_a-strcpy.o)
 .ARM.attributes
                0x0000000000000be1       0x34 C:/ST/STM32CubeIDE_1.13.2/STM32CubeIDE/plugins/com.st.stm32cube.ide.mcu.externaltools.gnu-tools-for-stm32.11.3.rel1.win32_1.1.1.202309131626/tools/bin/../lib/gcc/arm-none-eabi/11.3.1/../../../../arm-none-eabi/lib/thumb/v7e-m+fp/hard\libg.a(libc_a-memcpy-stub.o)
 .ARM.attributes
                0x0000000000000c15       0x1e C:/ST/STM32CubeIDE_1.13.2/STM32CubeIDE/plugins/com.st.stm32cube.ide.mcu.externaltools.gnu-tools-for-stm32.11.3.rel1.win32_1.1.1.202309131626/tools/bin/../lib/gcc/arm-none-eabi/11.3.1/thumb/v7e-m+fp/hard/crtn.o
OUTPUT(template.elf elf32-littlearm)
LOAD linker stubs
LOAD C:/ST/STM32CubeIDE_1.13.2/STM32CubeIDE/plugins/com.st.stm32cube.ide.mcu.externaltools.gnu-tools-for-stm32.11.3.rel1.win32_1.1.1.202309131626/tools/bin/../lib/gcc/arm-none-eabi/11.3.1/../../../../arm-none-eabi/lib/thumb/v7e-m+fp/hard\libc.a
LOAD C:/ST/STM32CubeIDE_1.13.2/STM32CubeIDE/plugins/com.st.stm32cube.ide.mcu.externaltools.gnu-tools-for-stm32.11.3.rel1.win32_1.1.1.202309131626/tools/bin/../lib/gcc/arm-none-eabi/11.3.1/../../../../arm-none-eabi/lib/thumb/v7e-m+fp/hard\libm.a
LOAD C:/ST/STM32CubeIDE_1.13.2/STM32CubeIDE/plugins/com.st.stm32cube.ide.mcu.externaltools.gnu-tools-for-stm32.11.3.rel1.win32_1.1.1.202309131626/tools/bin/../lib/gcc/arm-none-eabi/11.3.1/thumb/v7e-m+fp/hard\libgcc.a

.comment        0x0000000000000000       0x43
 .comment       0x0000000000000000       0x43 C:/ST/STM32CubeIDE_1.13.2/STM32CubeIDE/plugins/com.st.stm32cube.ide.mcu.externaltools.gnu-tools-for-stm32.11.3.rel1.win32_1.1.1.202309131626/tools/bin/../lib/gcc/arm-none-eabi/11.3.1/thumb/v7e-m+fp/hard/crtbegin.o
                                         0x44 (size before relaxing)
 .comment       0x0000000000000043       0x44 C:\Users\user\AppData\Local\Temp\ccmmYHnW.o
 .comment       0x0000000000000043       0x44 C:\Users\user\AppData\Local\Temp\cc2y6XyY.o
 .comment       0x0000000000000043       0x44 C:\Users\user\AppData\Local\Temp\ccf8XVB0.o
 .comment       0x0000000000000043       0x44 C:\Users\user\AppData\Local\Temp\ccEDyXX9.o